Product: MDK-ARM Standard 5.10
Component: ARM Compiler 5.04 update 1 (build 49)
Tool: armlink [5040049]

==============================================================================

Section Cross References

    main.o(.text) refers to _printf_percent.o(.ARM.Collect$$_printf_percent$$00000000) for _printf_percent
    main.o(.text) refers to _printf_d.o(.ARM.Collect$$_printf_percent$$00000009) for _printf_d
    main.o(.text) refers to _printf_dec.o(.text) for _printf_int_dec
    main.o(.text) refers to delay.o(.text) for delay_init
    main.o(.text) refers to sys.o(.text) for NVIC_Configuration
    main.o(.text) refers to usart.o(.text) for uart_init
    main.o(.text) refers to bsp_spi_nrf.o(.text) for SPI_NRF_Init
    main.o(.text) refers to noretval__2printf.o(.text) for __2printf
    main.o(.text) refers to key.o(.text) for Key_init
    main.o(.text) refers to led.o(.text) for LED_Init
    main.o(.text) refers to oled.o(.text) for OLED_Init
    main.o(.text) refers to pwm.o(.text) for PWM_Init
    main.o(.text) refers to dianji.o(.text) for DC_Motor_Init
    main.o(.text) refers to control.o(.text) for Dianji_Control_Key_Init
    main.o(.text) refers to timer.o(.text) for TIM4_PWM_Init
    main.o(.text) refers to adc.o(.text) for Adc_Init
    main.o(.text) refers to dflt_clz.o(x$fpl$dflt) for __aeabi_i2d
    main.o(.text) refers to dmul.o(x$fpl$dmul) for __aeabi_dmul
    main.o(.text) refers to dfix.o(x$fpl$dfix) for __aeabi_d2iz
    main.o(.text) refers to duoji.o(.text) for Motor_Left
    main.o(.text) refers to main.o(.data) for status
    system_stm32f10x.o(.text) refers to system_stm32f10x.o(.data) for SystemCoreClock
    startup_stm32f10x_hd.o(STACK) refers (Special) to heapauxi.o(.text) for __use_two_region_memory
    startup_stm32f10x_hd.o(HEAP) refers (Special) to heapauxi.o(.text) for __use_two_region_memory
    startup_stm32f10x_hd.o(RESET) refers (Special) to heapauxi.o(.text) for __use_two_region_memory
    startup_stm32f10x_hd.o(RESET) refers to startup_stm32f10x_hd.o(STACK) for __initial_sp
    startup_stm32f10x_hd.o(RESET) refers to startup_stm32f10x_hd.o(.text) for Reset_Handler
    startup_stm32f10x_hd.o(RESET) refers to stm32f10x_it.o(.text) for NMI_Handler
    startup_stm32f10x_hd.o(RESET) refers to timer.o(.text) for TIM3_IRQHandler
    startup_stm32f10x_hd.o(RESET) refers to usart.o(.text) for USART1_IRQHandler
    startup_stm32f10x_hd.o(.text) refers (Special) to heapauxi.o(.text) for __use_two_region_memory
    startup_stm32f10x_hd.o(.text) refers to system_stm32f10x.o(.text) for SystemInit
    startup_stm32f10x_hd.o(.text) refers to __main.o(!!!main) for __main
    startup_stm32f10x_hd.o(.text) refers to startup_stm32f10x_hd.o(HEAP) for Heap_Mem
    startup_stm32f10x_hd.o(.text) refers to startup_stm32f10x_hd.o(STACK) for Stack_Mem
    stm32f10x_adc.o(.text) refers to stm32f10x_rcc.o(.text) for RCC_APB2PeriphResetCmd
    stm32f10x_bkp.o(.text) refers to stm32f10x_rcc.o(.text) for RCC_BackupResetCmd
    stm32f10x_can.o(.text) refers to stm32f10x_rcc.o(.text) for RCC_APB1PeriphResetCmd
    stm32f10x_cec.o(.text) refers to stm32f10x_rcc.o(.text) for RCC_APB1PeriphResetCmd
    stm32f10x_dac.o(.text) refers to stm32f10x_rcc.o(.text) for RCC_APB1PeriphResetCmd
    stm32f10x_gpio.o(.text) refers to stm32f10x_rcc.o(.text) for RCC_APB2PeriphResetCmd
    stm32f10x_i2c.o(.text) refers to stm32f10x_rcc.o(.text) for RCC_APB1PeriphResetCmd
    stm32f10x_pwr.o(.text) refers to stm32f10x_rcc.o(.text) for RCC_APB1PeriphResetCmd
    stm32f10x_rcc.o(.text) refers to stm32f10x_rcc.o(.data) for APBAHBPrescTable
    stm32f10x_spi.o(.text) refers to stm32f10x_rcc.o(.text) for RCC_APB2PeriphResetCmd
    stm32f10x_tim.o(.text) refers to stm32f10x_rcc.o(.text) for RCC_APB2PeriphResetCmd
    stm32f10x_usart.o(.text) refers to stm32f10x_rcc.o(.text) for RCC_APB2PeriphResetCmd
    stm32f10x_wwdg.o(.text) refers to stm32f10x_rcc.o(.text) for RCC_APB1PeriphResetCmd
    delay.o(.text) refers to misc.o(.text) for SysTick_CLKSourceConfig
    delay.o(.text) refers to system_stm32f10x.o(.data) for SystemCoreClock
    delay.o(.text) refers to delay.o(.data) for fac_us
    sys.o(.text) refers to misc.o(.text) for NVIC_PriorityGroupConfig
    usart.o(.text) refers (Special) to use_no_semi_2.o(.text) for __use_no_semihosting
    usart.o(.text) refers to stm32f10x_rcc.o(.text) for RCC_APB2PeriphClockCmd
    usart.o(.text) refers to stm32f10x_gpio.o(.text) for GPIO_Init
    usart.o(.text) refers to misc.o(.text) for NVIC_Init
    usart.o(.text) refers to stm32f10x_usart.o(.text) for USART_Init
    usart.o(.text) refers to usart.o(.data) for USART_RX_STA
    usart.o(.text) refers to usart.o(.bss) for USART_RX_BUF
    usart.o(.bss) refers (Special) to use_no_semi_2.o(.text) for __use_no_semihosting
    usart.o(.data) refers (Special) to use_no_semi_2.o(.text) for __use_no_semihosting
    led.o(.text) refers to stm32f10x_rcc.o(.text) for RCC_APB2PeriphClockCmd
[...]
    __raise.o(.text) refers to defsig.o(CL$$defsig) for __default_signal_handler
    defsig_general.o(.text) refers to sys_wrch.o(.text) for _ttywrch
    sys_wrch.o(.text) refers (Special) to use_no_semi.o(.text) for __I$use$semihosting
    sys_wrch.o(.text) refers (Special) to indicate_semi.o(.text) for __semihosting_library_function
    defsig.o(CL$$defsig) refers to defsig_rtmem_inner.o(.text) for __rt_SIGRTMEM_inner
    defsig_abrt_inner.o(.text) refers to defsig_general.o(.text) for __default_signal_display
    defsig_fpe_inner.o(.text) refers to defsig_general.o(.text) for __default_signal_display
    defsig_rtred_inner.o(.text) refers to defsig_general.o(.text) for __default_signal_display
    defsig_stak_inner.o(.text) refers to defsig_general.o(.text) for __default_signal_display
    defsig_pvfn_inner.o(.text) refers to defsig_general.o(.text) for __default_signal_display
    defsig_cppl_inner.o(.text) refers to defsig_general.o(.text) for __default_signal_display
    defsig_segv_inner.o(.text) refers to defsig_general.o(.text) for __default_signal_display
    defsig_other.o(.text) refers to defsig_general.o(.text) for __default_signal_display


==============================================================================

Removing Unused input sections from the image.

    Removing core_cm3.o(.emb_text), (32 bytes).
    Removing stm32f10x_bkp.o(.text), (196 bytes).
    Removing stm32f10x_can.o(.text), (2544 bytes).
    Removing stm32f10x_cec.o(.text), (288 bytes).
    Removing stm32f10x_crc.o(.text), (72 bytes).
    Removing stm32f10x_dac.o(.text), (396 bytes).
    Removing stm32f10x_dbgmcu.o(.text), (48 bytes).
    Removing stm32f10x_dma.o(.text), (596 bytes).
    Removing stm32f10x_exti.o(.text), (284 bytes).
    Removing stm32f10x_flash.o(.text), (1468 bytes).
    Removing stm32f10x_fsmc.o(.text), (1548 bytes).
    Removing stm32f10x_i2c.o(.text), (1028 bytes).
    Removing stm32f10x_iwdg.o(.text), (64 bytes).
    Removing stm32f10x_pwr.o(.text), (204 bytes).
    Removing stm32f10x_rtc.o(.text), (328 bytes).
    Removing stm32f10x_sdio.o(.text), (468 bytes).
    Removing stm32f10x_wwdg.o(.text), (136 bytes).
    Removing control.o(.data), (12 bytes).

18 unused section(s) (total 9712 bytes) removed from the image.

==============================================================================

Image Symbol Table

    Local Symbols

    Symbol Name                              Value     Ov Type        Size  Object(Section)

    ../clib/angel/boardlib.s                 0x00000000   Number         0  boardinit1.o ABSOLUTE
    ../clib/angel/boardlib.s                 0x00000000   Number         0  boardinit3.o ABSOLUTE
    ../clib/angel/boardlib.s                 0x00000000   Number         0  boardinit2.o ABSOLUTE
    ../clib/angel/boardlib.s                 0x00000000   Number         0  boardshut.o ABSOLUTE
    ../clib/angel/handlers.s                 0x00000000   Number         0  __scatter_zi.o ABSOLUTE
    ../clib/angel/handlers.s                 0x00000000   Number         0  __scatter_copy.o ABSOLUTE
    ../clib/angel/kernel.s                   0x00000000   Number         0  rtentry.o ABSOLUTE
    ../clib/angel/kernel.s                   0x00000000   Number         0  rtentry2.o ABSOLUTE
    ../clib/angel/kernel.s                   0x00000000   Number         0  rtexit2.o ABSOLUTE
    ../clib/angel/kernel.s                   0x00000000   Number         0  rtexit.o ABSOLUTE
    ../clib/angel/kernel.s                   0x00000000   Number         0  rtentry4.o ABSOLUTE
    ../clib/angel/rt.s                       0x00000000   Number         0  rt_raise.o ABSOLUTE
    ../clib/angel/scatter.s                  0x00000000   Number         0  __scatter.o ABSOLUTE
    ../clib/angel/startup.s                  0x00000000   Number         0  __main.o ABSOLUTE
    ../clib/angel/sys.s                      0x00000000   Number         0  indicate_semi.o ABSOLUTE
    ../clib/angel/sys.s                      0x00000000   Number         0  sys_stackheap_outer.o ABSOLUTE
    ../clib/angel/sys.s                      0x00000000   Number         0  libspace.o ABSOLUTE
    ../clib/angel/sys.s                      0x00000000   Number         0  use_no_semi_2.o ABSOLUTE
    ../clib/angel/sys.s                      0x00000000   Number         0  use_no_semi.o ABSOLUTE
    ../clib/angel/sysapp.c                   0x00000000   Number         0  sys_command.o ABSOLUTE
    ../clib/angel/sysapp.c                   0x00000000   Number         0  sys_wrch.o ABSOLUTE
    ../clib/armsys.c                         0x00000000   Number         0  _get_argv_nomalloc.o ABSOLUTE
    ../clib/armsys.c                         0x00000000   Number         0  no_argv.o ABSOLUTE
    ../clib/armsys.c                         0x00000000   Number         0  argv_veneer.o ABSOLUTE
    ../clib/armsys.c                         0x00000000   Number         0  argv_veneer.o ABSOLUTE
    ../clib/heapalloc.c                      0x00000000   Number         0  hrguard.o ABSOLUTE
    ../clib/heapaux.c                        0x00000000   Number         0  heapauxi.o ABSOLUTE
    ../clib/libinit.s                        0x00000000   Number         0  libshutdown.o ABSOLUTE
    ../clib/libinit.s                        0x00000000   Number         0  libshutdown2.o ABSOLUTE
    ../clib/libinit.s                        0x00000000   Number         0  libinit2.o ABSOLUTE
    ../clib/libinit.s                        0x00000000   Number         0  libinit.o ABSOLUTE
    ../clib/printf.c                         0x00000000   Number         0  __printf.o ABSOLUTE
    ../clib/printf.c                         0x00000000   Number         0  _printf_char_common.o ABSOLUTE
    ../clib/printf.c                         0x00000000   Number         0  __printf_nopercent.o ABSOLUTE
    ../clib/printf.c                         0x00000000   Number         0  __printf_flags.o ABSOLUTE
    ../clib/printf.c                         0x00000000   Number         0  _printf_intcommon.o ABSOLUTE
    ../clib/printf.c                         0x00000000   Number         0  noretval__2printf.o ABSOLUTE
    ../clib/printf.c                         0x00000000   Number         0  __2printf.o ABSOLUTE
    ../clib/printf.c                         0x00000000   Number         0  _printf_dec.o ABSOLUTE
    ../clib/printf.c                         0x00000000   Number         0  _printf_char_file.o ABSOLUTE
    ../clib/printf.c                         0x00000000   Number         0  __printf_ss.o ABSOLUTE
    ../clib/printf.c                         0x00000000   Number         0  __printf_flags_ss.o ABSOLUTE
    ../clib/printf.c                         0x00000000   Number         0  __printf_wp.o ABSOLUTE
    ../clib/printf.c                         0x00000000   Number         0  __printf_flags_wp.o ABSOLUTE
    ../clib/printf.c                         0x00000000   Number         0  __printf_ss_wp.o ABSOLUTE
    ../clib/printf.c                         0x00000000   Number         0  __printf_flags_ss_wp.o ABSOLUTE
    ../clib/printf_percent.s                 0x00000000   Number         0  _printf_percent_end.o ABSOLUTE
    ../clib/printf_percent.s                 0x00000000   Number         0  _printf_d.o ABSOLUTE
    ../clib/printf_percent.s                 0x00000000   Number         0  _printf_percent.o ABSOLUTE
    ../clib/signal.c                         0x00000000   Number         0  defsig_rtmem_formal.o ABSOLUTE
    ../clib/signal.c                         0x00000000   Number         0  defsig_rtmem_outer.o ABSOLUTE
    ../clib/signal.c                         0x00000000   Number         0  defsig_rtred_inner.o ABSOLUTE
    ../clib/signal.c                         0x00000000   Number         0  defsig_pvfn_inner.o ABSOLUTE
    ../clib/signal.c                         0x00000000   Number         0  defsig_cppl_inner.o ABSOLUTE
    ../clib/signal.c                         0x00000000   Number         0  defsig_other.o ABSOLUTE
    ../clib/signal.c                         0x00000000   Number         0  defsig_stak_inner.o ABSOLUTE
    ../clib/signal.c                         0x00000000   Number         0  defsig_rtmem_inner.o ABSOLUTE
    ../clib/signal.c                         0x00000000   Number         0  __raise.o ABSOLUTE
    ../clib/signal.c                         0x00000000   Number         0  defsig_segv_inner.o ABSOLUTE
    ../clib/signal.c                         0x00000000   Number         0  defsig_exit.o ABSOLUTE
    ../clib/signal.c                         0x00000000   Number         0  defsig_general.o ABSOLUTE
    ../clib/signal.c                         0x00000000   Number         0  defsig_abrt_inner.o ABSOLUTE
    ../clib/signal.c                         0x00000000   Number         0  defsig_fpe_inner.o ABSOLUTE
    ../clib/signal.s                         0x00000000   Number         0  defsig.o ABSOLUTE
    ../clib/stdio.c                          0x00000000   Number         0  ferror_locked.o ABSOLUTE
    ../clib/stdio.c                          0x00000000   Number         0  ferror.o ABSOLUTE
    ../clib/stdlib.c                         0x00000000   Number         0  exit.o ABSOLUTE
    ../fplib/dfix.s                          0x00000000   Number         0  dfix.o ABSOLUTE
    ../fplib/dflt.s                          0x00000000   Number         0  dflt_clz.o ABSOLUTE
    ../fplib/dmul.s                          0x00000000   Number         0  dmul.o ABSOLUTE
    ../fplib/dnaninf.s                       0x00000000   Number         0  dnaninf.o ABSOLUTE
    ../fplib/dretinf.s                       0x00000000   Number         0  dretinf.o ABSOLUTE
    ../fplib/fpinit.s                        0x00000000   Number         0  fpinit.o ABSOLUTE
    ../fplib/usenofp.s                       0x00000000   Number         0  usenofp.o ABSOLUTE
    ..\CORE\core_cm3.c                       0x00000000   Number         0  core_cm3.o ABSOLUTE
    ..\CORE\startup_stm32f10x_hd.s           0x00000000   Number         0  startup_stm32f10x_hd.o ABSOLUTE
    ..\HARDWARE\ADC\adc.c                    0x00000000   Number         0  adc.o ABSOLUTE
    ..\HARDWARE\Contol_Dianji_Duoji\control.c 0x00000000   Number         0  control.o ABSOLUTE
    ..\HARDWARE\KEY\key.c                    0x00000000   Number         0  key.o ABSOLUTE
    ..\HARDWARE\LED\led.c                    0x00000000   Number         0  led.o ABSOLUTE
    ..\HARDWARE\NRF24L01\bsp_spi_nrf.c       0x00000000   Number         0  bsp_spi_nrf.o ABSOLUTE
    ..\HARDWARE\OLED\OLED.c                  0x00000000   Number         0  oled.o ABSOLUTE
    ..\HARDWARE\PWM\PWM.c                    0x00000000   Number         0  pwm.o ABSOLUTE
    ..\HARDWARE\TIMER\timer.c                0x00000000   Number         0  timer.o ABSOLUTE
    ..\HARDWARE\dianji\dianji.c              0x00000000   Number         0  dianji.o ABSOLUTE
    ..\HARDWARE\duoji\duoji.c                0x00000000   Number         0  duoji.o ABSOLUTE
    ..\STM32F10x_FWLib\src\misc.c            0x00000000   Number         0  misc.o ABSOLUTE
    ..\STM32F10x_FWLib\src\stm32f10x_adc.c   0x00000000   Number         0  stm32f10x_adc.o ABSOLUTE
    ..\STM32F10x_FWLib\src\stm32f10x_bkp.c   0x00000000   Number         0  stm32f10x_bkp.o ABSOLUTE
    ..\STM32F10x_FWLib\src\stm32f10x_can.c   0x00000000   Number         0  stm32f10x_can.o ABSOLUTE
    ..\STM32F10x_FWLib\src\stm32f10x_cec.c   0x00000000   Number         0  stm32f10x_cec.o ABSOLUTE
    ..\STM32F10x_FWLib\src\stm32f10x_crc.c   0x00000000   Number         0  stm32f10x_crc.o ABSOLUTE
    ..\STM32F10x_FWLib\src\stm32f10x_dac.c   0x00000000   Number         0  stm32f10x_dac.o ABSOLUTE
    ..\STM32F10x_FWLib\src\stm32f10x_dbgmcu.c 0x00000000   Number         0  stm32f10x_dbgmcu.o ABSOLUTE
    ..\STM32F10x_FWLib\src\stm32f10x_dma.c   0x00000000   Number         0  stm32f10x_dma.o ABSOLUTE
    ..\STM32F10x_FWLib\src\stm32f10x_exti.c  0x00000000   Number         0  stm32f10x_exti.o ABSOLUTE
    ..\STM32F10x_FWLib\src\stm32f10x_flash.c 0x00000000   Number         0  stm32f10x_flash.o ABSOLUTE
    ..\STM32F10x_FWLib\src\stm32f10x_fsmc.c  0x00000000   Number         0  stm32f10x_fsmc.o ABSOLUTE
    ..\STM32F10x_FWLib\src\stm32f10x_gpio.c  0x00000000   Number         0  stm32f10x_gpio.o ABSOLUTE
    ..\STM32F10x_FWLib\src\stm32f10x_i2c.c   0x00000000   Number         0  stm32f10x_i2c.o ABSOLUTE
    ..\STM32F10x_FWLib\src\stm32f10x_iwdg.c  0x00000000   Number         0  stm32f10x_iwdg.o ABSOLUTE
    ..\STM32F10x_FWLib\src\stm32f10x_pwr.c   0x00000000   Number         0  stm32f10x_pwr.o ABSOLUTE
    ..\STM32F10x_FWLib\src\stm32f10x_rcc.c   0x00000000   Number         0  stm32f10x_rcc.o ABSOLUTE
    ..\STM32F10x_FWLib\src\stm32f10x_rtc.c   0x00000000   Number         0  stm32f10x_rtc.o ABSOLUTE
    ..\STM32F10x_FWLib\src\stm32f10x_sdio.c  0x00000000   Number         0  stm32f10x_sdio.o ABSOLUTE
    ..\STM32F10x_FWLib\src\stm32f10x_spi.c   0x00000000   Number         0  stm32f10x_spi.o ABSOLUTE
    ..\STM32F10x_FWLib\src\stm32f10x_tim.c   0x00000000   Number         0  stm32f10x_tim.o ABSOLUTE
    ..\STM32F10x_FWLib\src\stm32f10x_usart.c 0x00000000   Number         0  stm32f10x_usart.o ABSOLUTE
    ..\STM32F10x_FWLib\src\stm32f10x_wwdg.c  0x00000000   Number         0  stm32f10x_wwdg.o ABSOLUTE
    ..\SYSTEM\delay\delay.c                  0x00000000   Number         0  delay.o ABSOLUTE
    ..\SYSTEM\sys\sys.c                      0x00000000   Number         0  sys.o ABSOLUTE
    ..\SYSTEM\usart\usart.c                  0x00000000   Number         0  usart.o ABSOLUTE
    ..\\CORE\\core_cm3.c                     0x00000000   Number         0  core_cm3.o ABSOLUTE
    dc.s                                     0x00000000   Number         0  dc.o ABSOLUTE
    main.c                                   0x00000000   Number         0  main.o ABSOLUTE
    stm32f10x_it.c                           0x00000000   Number         0  stm32f10x_it.o ABSOLUTE
    system_stm32f10x.c                       0x00000000   Number         0  system_stm32f10x.o ABSOLUTE
    RESET                                    0x08000000   Section      304  startup_stm32f10x_hd.o(RESET)
    !!!main                                  0x08000130   Section        8  __main.o(!!!main)
    !!!scatter                               0x08000138   Section       52  __scatter.o(!!!scatter)
    !!handler_copy                           0x0800016c   Section       26  __scatter_copy.o(!!handler_copy)
    !!handler_zi                             0x08000188   Section       28  __scatter_zi.o(!!handler_zi)
    .ARM.Collect$$_printf_percent$$00000000  0x080001a4   Section        0  _printf_percent.o(.ARM.Collect$$_printf_percent$$00000000)
    .ARM.Collect$$_printf_percent$$00000009  0x080001a4   Section        6  _printf_d.o(.ARM.Collect$$_printf_percent$$00000009)
    .ARM.Collect$$_printf_percent$$00000017  0x080001aa   Section        4  _printf_percent_end.o(.ARM.Collect$$_printf_percent$$00000017)
    .ARM.Collect$$libinit$$00000000          0x080001ae   Section        2  libinit.o(.ARM.Collect$$libinit$$00000000)
    .ARM.Collect$$libinit$$00000002          0x080001b0   Section        0  libinit2.o(.ARM.Collect$$libinit$$00000002)
    .ARM.Collect$$libinit$$00000008          0x080001b0   Section        0  libinit2.o(.ARM.Collect$$libinit$$00000008)
    .ARM.Collect$$libinit$$0000000A          0x080001b0   Section        0  libinit2.o(.ARM.Collect$$libinit$$0000000A)
    .ARM.Collect$$libinit$$0000000C          0x080001b0   Section        0  libinit2.o(.ARM.Collect$$libinit$$0000000C)
    .ARM.Collect$$libinit$$0000000F          0x080001b0   Section        0  libinit2.o(.ARM.Collect$$libinit$$0000000F)
    .ARM.Collect$$libinit$$00000011          0x080001b0   Section        0  libinit2.o(.ARM.Collect$$libinit$$00000011)
    .ARM.Collect$$libinit$$00000013          0x080001b0   Section        0  libinit2.o(.ARM.Collect$$libinit$$00000013)
    .ARM.Collect$$libinit$$00000015          0x080001b0   Section        0  libinit2.o(.ARM.Collect$$libinit$$00000015)
    .ARM.Collect$$libinit$$00000017          0x080001b0   Section        0  libinit2.o(.ARM.Collect$$libinit$$00000017)
    .ARM.Collect$$libinit$$00000019          0x080001b0   Section        0  libinit2.o(.ARM.Collect$$libinit$$00000019)
    .ARM.Collect$$libinit$$0000001B          0x080001b0   Section        0  libinit2.o(.ARM.Collect$$libinit$$0000001B)
    .ARM.Collect$$libinit$$0000001D          0x080001b0   Section        0  libinit2.o(.ARM.Collect$$libinit$$0000001D)
    .ARM.Collect$$libinit$$0000001F          0x080001b0   Section        0  libinit2.o(.ARM.Collect$$libinit$$0000001F)
    .ARM.Collect$$libinit$$00000021          0x080001b0   Section        0  libinit2.o(.ARM.Collect$$libinit$$00000021)
    .ARM.Collect$$libinit$$00000023          0x080001b0   Section        0  libinit2.o(.ARM.Collect$$libinit$$00000023)
    .ARM.Collect$$libinit$$0000002A          0x080001b0   Section        0  libinit2.o(.ARM.Collect$$libinit$$0000002A)
    .ARM.Collect$$libinit$$0000002C          0x080001b0   Section        0  libinit2.o(.ARM.Collect$$libinit$$0000002C)
    .ARM.Collect$$libinit$$0000002E          0x080001b0   Section        0  libinit2.o(.ARM.Collect$$libinit$$0000002E)
    .ARM.Collect$$libinit$$00000030          0x080001b0   Section        0  libinit2.o(.ARM.Collect$$libinit$$00000030)
    .ARM.Collect$$libinit$$00000031          0x080001b0   Section        2  libinit2.o(.ARM.Collect$$libinit$$00000031)
    .ARM.Collect$$libshutdown$$00000000      0x080001b2   Section        2  libshutdown.o(.ARM.Collect$$libshutdown$$00000000)
    .ARM.Collect$$libshutdown$$00000003      0x080001b4   Section        0  libshutdown2.o(.ARM.Collect$$libshutdown$$00000003)
    .ARM.Collect$$libshutdown$$00000006      0x080001b4   Section        0  libshutdown2.o(.ARM.Collect$$libshutdown$$00000006)
    .ARM.Collect$$libshutdown$$00000009      0x080001b4   Section        0  libshutdown2.o(.ARM.Collect$$libshutdown$$00000009)
    .ARM.Collect$$libshutdown$$0000000B      0x080001b4   Section        0  libshutdown2.o(.ARM.Collect$$libshutdown$$0000000B)
    .ARM.Collect$$libshutdown$$0000000E      0x080001b4   Section        0  libshutdown2.o(.ARM.Collect$$libshutdown$$0000000E)
    .ARM.Collect$$libshutdown$$0000000F      0x080001b4   Section        2  libshutdown2.o(.ARM.Collect$$libshutdown$$0000000F)
    .ARM.Collect$$rtentry$$00000000          0x080001b6   Section        0  rtentry.o(.ARM.Collect$$rtentry$$00000000)
    .ARM.Collect$$rtentry$$00000002          0x080001b6   Section        0  rtentry2.o(.ARM.Collect$$rtentry$$00000002)
    .ARM.Collect$$rtentry$$00000004          0x080001b6   Section        6  rtentry4.o(.ARM.Collect$$rtentry$$00000004)
    .ARM.Collect$$rtentry$$00000009          0x080001bc   Section        0  rtentry2.o(.ARM.Collect$$rtentry$$00000009)
    .ARM.Collect$$rtentry$$0000000A          0x080001bc   Section        4  rtentry2.o(.ARM.Collect$$rtentry$$0000000A)
    .ARM.Collect$$rtentry$$0000000C          0x080001c0   Section        0  rtentry2.o(.ARM.Collect$$rtentry$$0000000C)
    .ARM.Collect$$rtentry$$0000000D          0x080001c0   Section        8  rtentry2.o(.ARM.Collect$$rtentry$$0000000D)
    .ARM.Collect$$rtexit$$00000000           0x080001c8   Section        2  rtexit.o(.ARM.Collect$$rtexit$$00000000)
    .ARM.Collect$$rtexit$$00000002           0x080001ca   Section        0  rtexit2.o(.ARM.Collect$$rtexit$$00000002)
    .ARM.Collect$$rtexit$$00000003           0x080001ca   Section        4  rtexit2.o(.ARM.Collect$$rtexit$$00000003)
    .ARM.Collect$$rtexit$$00000004           0x080001ce   Section        6  rtexit2.o(.ARM.Collect$$rtexit$$00000004)
    .text                                    0x080001d4   Section        0  main.o(.text)
    .text                                    0x080005b4   Section        0  stm32f10x_it.o(.text)
    .text                                    0x080005d0   Section        0  system_stm32f10x.o(.text)
    SetSysClockTo72                          0x080005d1   Thumb Code   214  system_stm32f10x.o(.text)
    SetSysClock                              0x080006a7   Thumb Code     8  system_stm32f10x.o(.text)
    .text                                    0x080007b0   Section       64  startup_stm32f10x_hd.o(.text)
    .text                                    0x080007f0   Section        0  misc.o(.text)
    .text                                    0x080008cc   Section        0  stm32f10x_adc.o(.text)
    .text                                    0x08000d1c   Section        0  stm32f10x_gpio.o(.text)
    .text                                    0x08001078   Section        0  stm32f10x_rcc.o(.text)
    .text                                    0x0800141c   Section        0  stm32f10x_spi.o(.text)
    .text                                    0x08001728   Section        0  stm32f10x_tim.o(.text)
    TI4_Config                               0x08001bcf   Thumb Code   130  stm32f10x_tim.o(.text)
    TI3_Config                               0x08001c63   Thumb Code   122  stm32f10x_tim.o(.text)
    TI2_Config                               0x08001cf7   Thumb Code   130  stm32f10x_tim.o(.text)
    TI1_Config                               0x08001d8b   Thumb Code   108  stm32f10x_tim.o(.text)
    .text                                    0x08002544   Section        0  stm32f10x_usart.o(.text)
    .text                                    0x0800294c   Section        0  delay.o(.text)
    .text                                    0x08002a20   Section        0  sys.o(.text)
    .text                                    0x08002a2c   Section        0  usart.o(.text)
    .text                                    0x08002b6c   Section        0  led.o(.text)
    .text                                    0x08002ba0   Section        0  timer.o(.text)
    TIM4_GPIO_Config                         0x08002c11   Thumb Code    48  timer.o(.text)
    .text                                    0x08002cf4   Section        0  key.o(.text)
    .text                                    0x08002dd8   Section        0  pwm.o(.text)
    .text                                    0x08002e90   Section        0  dianji.o(.text)
    .text                                    0x08003020   Section        0  duoji.o(.text)
    .text                                    0x080030b4   Section        0  control.o(.text)
    .text                                    0x080031d0   Section        0  oled.o(.text)
    .text                                    0x08003838   Section        0  adc.o(.text)
    .text                                    0x08003924   Section        0  bsp_spi_nrf.o(.text)
    .text                                    0x08003cd8   Section        2  use_no_semi_2.o(.text)
    .text                                    0x08003cdc   Section        0  noretval__2printf.o(.text)
    .text                                    0x08003cf4   Section        0  __printf.o(.text)
    .text                                    0x08003d5c   Section        0  _printf_dec.o(.text)
    .text                                    0x08003dd0   Section        0  heapauxi.o(.text)
    .text                                    0x08003dd6   Section        2  use_no_semi.o(.text)
    .text                                    0x08003dd8   Section        0  _printf_intcommon.o(.text)
    .text                                    0x08003e8c   Section        0  _printf_char_file.o(.text)
    .text                                    0x08003eb0   Section        0  _printf_char_common.o(.text)
    _printf_input_char                       0x08003eb1   Thumb Code    10  _printf_char_common.o(.text)
    .text                                    0x08003ee0   Section        0  ferror.o(.text)
    .text                                    0x08003ee8   Section       74  sys_stackheap_outer.o(.text)
    .text                                    0x08003f32   Section        0  exit.o(.text)
    .text                                    0x08003f40   Section        8  libspace.o(.text)
    x$fpl$dfix                               0x08003f48   Section       94  dfix.o(x$fpl$dfix)
    x$fpl$dflt                               0x08003fa6   Section       46  dflt_clz.o(x$fpl$dflt)
    x$fpl$dmul                               0x08003fd4   Section      340  dmul.o(x$fpl$dmul)
    x$fpl$dnaninf                            0x08004128   Section      156  dnaninf.o(x$fpl$dnaninf)
    x$fpl$dretinf                            0x080041c4   Section       12  dretinf.o(x$fpl$dretinf)
    .constdata                               0x080041d0   Section     4120  oled.o(.constdata)
    x$fpl$usenofp                            0x080041d0   Section        0  usenofp.o(x$fpl$usenofp)
    .data                                    0x20000000   Section       40  main.o(.data)
    .data                                    0x20000028   Section       20  system_stm32f10x.o(.data)
    .data                                    0x2000003c   Section       20  stm32f10x_rcc.o(.data)
    APBAHBPrescTable                         0x2000003c   Data          16  stm32f10x_rcc.o(.data)
    ADCPrescTable                            0x2000004c   Data           4  stm32f10x_rcc.o(.data)
    .data                                    0x20000050   Section        4  delay.o(.data)
    fac_us                                   0x20000050   Data           1  delay.o(.data)
    fac_ms                                   0x20000052   Data           2  delay.o(.data)
    .data                                    0x20000054   Section        6  usart.o(.data)
    .data                                    0x2000005a   Section        1  key.o(.data)
    key_up                                   0x2000005a   Data           1  key.o(.data)
    .data                                    0x2000005b   Section       18  bsp_spi_nrf.o(.data)
    .bss                                     0x20000070   Section      200  usart.o(.bss)
    .bss                                     0x20000138   Section       96  libspace.o(.bss)
    HEAP                                     0x20000198   Section      512  startup_stm32f10x_hd.o(HEAP)
    Heap_Mem                                 0x20000198   Data         512  startup_stm32f10x_hd.o(HEAP)
    STACK                                    0x20000398   Section     1024  startup_stm32f10x_hd.o(STACK)
    Stack_Mem                                0x20000398   Data        1024  startup_stm32f10x_hd.o(STACK)
    __initial_sp                             0x20000798   Data           0  startup_stm32f10x_hd.o(STACK)

    Global Symbols

    Symbol Name                              Value     Ov Type        Size  Object(Section)

    BuildAttributes$$THM_ISAv4$P$D$K$B$S$PE$A:L22UL41UL21$X:L11$S22US41US21$IEEE1$IW$USESV6$~STKCKD$USESV7$~SHL$OSPACE$ROPI$EBA8$UX$STANDARDLIB$REQ8$PRES8$EABIv2 0x00000000   Number         0  anon$$obj.o ABSOLUTE
    __ARM_use_no_argv                        0x00000000   Number         0  main.o ABSOLUTE
    __ARM_exceptions_init                     - Undefined Weak Reference
    __alloca_initialize                       - Undefined Weak Reference
    __cpp_initialize__aeabi_                  - Undefined Weak Reference
    __cxa_finalize                            - Undefined Weak Reference
    __rt_locale                               - Undefined Weak Reference
    __sigvec_lookup                           - Undefined Weak Reference
    _atexit_init                              - Undefined Weak Reference
    _call_atexit_fns                          - Undefined Weak Reference
    _clock_init                               - Undefined Weak Reference
    _fp_trap_init                             - Undefined Weak Reference
    _fp_trap_shutdown                         - Undefined Weak Reference
    _get_lc_collate                           - Undefined Weak Reference
    _get_lc_ctype                             - Undefined Weak Reference
    _get_lc_monetary                          - Undefined Weak Reference
    _get_lc_numeric                           - Undefined Weak Reference
    _get_lc_time                              - Undefined Weak Reference
    _getenv_init                              - Undefined Weak Reference
    _handle_redirection                       - Undefined Weak Reference
    _init_alloc                               - Undefined Weak Reference
    _init_user_alloc                          - Undefined Weak Reference
    _initio                                   - Undefined Weak Reference
    _mutex_acquire                            - Undefined Weak Reference
    _mutex_release                            - Undefined Weak Reference
    _printf_post_padding                      - Undefined Weak Reference
    _printf_pre_padding                       - Undefined Weak Reference
    _printf_truncate_signed                   - Undefined Weak Reference
    _printf_truncate_unsigned                 - Undefined Weak Reference
    _rand_init                                - Undefined Weak Reference
    _signal_finish                            - Undefined Weak Reference
    _signal_init                              - Undefined Weak Reference
    _terminate_alloc                          - Undefined Weak Reference
    _terminate_user_alloc                     - Undefined Weak Reference
    _terminateio                              - Undefined Weak Reference
    __Vectors_Size                           0x00000130   Number         0  startup_stm32f10x_hd.o ABSOLUTE
    __Vectors                                0x08000000   Data           4  startup_stm32f10x_hd.o(RESET)
    __Vectors_End                            0x08000130   Data           0  startup_stm32f10x_hd.o(RESET)
    __main                                   0x08000131   Thumb Code     8  __main.o(!!!main)
    __scatterload                            0x08000139   Thumb Code     0  __scatter.o(!!!scatter)
    __scatterload_rt2                        0x08000139   Thumb Code    44  __scatter.o(!!!scatter)
    __scatterload_rt2_thumb_only             0x08000139   Thumb Code     0  __scatter.o(!!!scatter)
    __scatterload_null                       0x08000147   Thumb Code     0  __scatter.o(!!!scatter)
    __scatterload_copy                       0x0800016d   Thumb Code    26  __scatter_copy.o(!!handler_copy)
    __scatterload_zeroinit                   0x08000189   Thumb Code    28  __scatter_zi.o(!!handler_zi)
    _printf_d                                0x080001a5   Thumb Code     0  _printf_d.o(.ARM.Collect$$_printf_percent$$00000009)
    _printf_percent                          0x080001a5   Thumb Code     0  _printf_percent.o(.ARM.Collect$$_printf_percent$$00000000)
    _printf_percent_end                      0x080001ab   Thumb Code     0  _printf_percent_end.o(.ARM.Collect$$_printf_percent$$00000017)
    __rt_lib_init                            0x080001af   Thumb Code     0  libinit.o(.ARM.Collect$$libinit$$00000000)
    __rt_lib_init_alloca_1                   0x080001b1   Thumb Code     0  libinit2.o(.ARM.Collect$$libinit$$0000002C)
    __rt_lib_init_argv_1                     0x080001b1   Thumb Code     0  libinit2.o(.ARM.Collect$$libinit$$0000002A)
    __rt_lib_init_atexit_1                   0x080001b1   Thumb Code     0  libinit2.o(.ARM.Collect$$libinit$$00000019)
    __rt_lib_init_clock_1                    0x080001b1   Thumb Code     0  libinit2.o(.ARM.Collect$$libinit$$0000001F)
    __rt_lib_init_cpp_1                      0x080001b1   Thumb Code     0  libinit2.o(.ARM.Collect$$libinit$$00000030)
    __rt_lib_init_exceptions_1               0x080001b1   Thumb Code     0  libinit2.o(.ARM.Collect$$libinit$$0000002E)
    __rt_lib_init_fp_1                       0x080001b1   Thumb Code     0  libinit2.o(.ARM.Collect$$libinit$$00000002)
    __rt_lib_init_fp_trap_1                  0x080001b1   Thumb Code     0  libinit2.o(.ARM.Collect$$libinit$$0000001D)
    __rt_lib_init_getenv_1                   0x080001b1   Thumb Code     0  libinit2.o(.ARM.Collect$$libinit$$00000021)
    __rt_lib_init_heap_1                     0x080001b1   Thumb Code     0  libinit2.o(.ARM.Collect$$libinit$$00000008)
    __rt_lib_init_lc_collate_1               0x080001b1   Thumb Code     0  libinit2.o(.ARM.Collect$$libinit$$0000000F)
    __rt_lib_init_lc_ctype_1                 0x080001b1   Thumb Code     0  libinit2.o(.ARM.Collect$$libinit$$00000011)
    __rt_lib_init_lc_monetary_1              0x080001b1   Thumb Code     0  libinit2.o(.ARM.Collect$$libinit$$00000013)
    __rt_lib_init_lc_numeric_1               0x080001b1   Thumb Code     0  libinit2.o(.ARM.Collect$$libinit$$00000015)
    __rt_lib_init_lc_time_1                  0x080001b1   Thumb Code     0  libinit2.o(.ARM.Collect$$libinit$$00000017)
    __rt_lib_init_rand_1                     0x080001b1   Thumb Code     0  libinit2.o(.ARM.Collect$$libinit$$0000000C)
    __rt_lib_init_return                     0x080001b1   Thumb Code     0  libinit2.o(.ARM.Collect$$libinit$$00000031)
    __rt_lib_init_signal_1                   0x080001b1   Thumb Code     0  libinit2.o(.ARM.Collect$$libinit$$0000001B)
    __rt_lib_init_stdio_1                    0x080001b1   Thumb Code     0  libinit2.o(.ARM.Collect$$libinit$$00000023)
    __rt_lib_init_user_alloc_1               0x080001b1   Thumb Code     0  libinit2.o(.ARM.Collect$$libinit$$0000000A)
    __rt_lib_shutdown                        0x080001b3   Thumb Code     0  libshutdown.o(.ARM.Collect$$libshutdown$$00000000)
    __rt_lib_shutdown_fp_trap_1              0x080001b5   Thumb Code     0  libshutdown2.o(.ARM.Collect$$libshutdown$$00000006)
    __rt_lib_shutdown_heap_1                 0x080001b5   Thumb Code     0  libshutdown2.o(.ARM.Collect$$libshutdown$$0000000E)
    __rt_lib_shutdown_return                 0x080001b5   Thumb Code     0  libshutdown2.o(.ARM.Collect$$libshutdown$$0000000F)
    __rt_lib_shutdown_signal_1               0x080001b5   Thumb Code     0  libshutdown2.o(.ARM.Collect$$libshutdown$$00000009)
    __rt_lib_shutdown_stdio_1                0x080001b5   Thumb Code     0  libshutdown2.o(.ARM.Collect$$libshutdown$$00000003)
    __rt_lib_shutdown_user_alloc_1           0x080001b5   Thumb Code     0  libshutdown2.o(.ARM.Collect$$libshutdown$$0000000B)
    __rt_entry                               0x080001b7   Thumb Code     0  rtentry.o(.ARM.Collect$$rtentry$$00000000)
    __rt_entry_presh_1                       0x080001b7   Thumb Code     0  rtentry2.o(.ARM.Collect$$rtentry$$00000002)
    __rt_entry_sh                            0x080001b7   Thumb Code     0  rtentry4.o(.ARM.Collect$$rtentry$$00000004)
    __rt_entry_li                            0x080001bd   Thumb Code     0  rtentry2.o(.ARM.Collect$$rtentry$$0000000A)
    __rt_entry_postsh_1                      0x080001bd   Thumb Code     0  rtentry2.o(.ARM.Collect$$rtentry$$00000009)
    __rt_entry_main                          0x080001c1   Thumb Code     0  rtentry2.o(.ARM.Collect$$rtentry$$0000000D)
    __rt_entry_postli_1                      0x080001c1   Thumb Code     0  rtentry2.o(.ARM.Collect$$rtentry$$0000000C)
    __rt_exit                                0x080001c9   Thumb Code     0  rtexit.o(.ARM.Collect$$rtexit$$00000000)
    __rt_exit_ls                             0x080001cb   Thumb Code     0  rtexit2.o(.ARM.Collect$$rtexit$$00000003)
    __rt_exit_prels_1                        0x080001cb   Thumb Code     0  rtexit2.o(.ARM.Collect$$rtexit$$00000002)
    __rt_exit_exit                           0x080001cf   Thumb Code     0  rtexit2.o(.ARM.Collect$$rtexit$$00000004)
    main                                     0x080001d5   Thumb Code   656  main.o(.text)
    Key_Function                             0x08000465   Thumb Code    96  main.o(.text)
    NMI_Handler                              0x080005b5   Thumb Code     2  stm32f10x_it.o(.text)
    HardFault_Handler                        0x080005b7   Thumb Code     4  stm32f10x_it.o(.text)
    MemManage_Handler                        0x080005bb   Thumb Code     4  stm32f10x_it.o(.text)
    BusFault_Handler                         0x080005bf   Thumb Code     4  stm32f10x_it.o(.text)
    UsageFault_Handler                       0x080005c3   Thumb Code     4  stm32f10x_it.o(.text)
    SVC_Handler                              0x080005c7   Thumb Code     2  stm32f10x_it.o(.text)
    DebugMon_Handler                         0x080005c9   Thumb Code     2  stm32f10x_it.o(.text)
    PendSV_Handler                           0x080005cb   Thumb Code     2  stm32f10x_it.o(.text)
    SysTick_Handler                          0x080005cd   Thumb Code     2  stm32f10x_it.o(.text)
    SystemInit                               0x080006af   Thumb Code    78  system_stm32f10x.o(.text)
    SystemCoreClockUpdate                    0x080006fd   Thumb Code   142  system_stm32f10x.o(.text)
    Reset_Handler                            0x080007b1   Thumb Code     8  startup_stm32f10x_hd.o(.text)
    ADC1_2_IRQHandler                        0x080007cb   Thumb Code     0  startup_stm32f10x_hd.o(.text)
    ADC3_IRQHandler                          0x080007cb   Thumb Code     0  startup_stm32f10x_hd.o(.text)
    CAN1_RX1_IRQHandler                      0x080007cb   Thumb Code     0  startup_stm32f10x_hd.o(.text)
    CAN1_SCE_IRQHandler                      0x080007cb   Thumb Code     0  startup_stm32f10x_hd.o(.text)
    DMA1_Channel1_IRQHandler                 0x080007cb   Thumb Code     0  startup_stm32f10x_hd.o(.text)
    DMA1_Channel2_IRQHandler                 0x080007cb   Thumb Code     0  startup_stm32f10x_hd.o(.text)
    DMA1_Channel3_IRQHandler                 0x080007cb   Thumb Code     0  startup_stm32f10x_hd.o(.text)
    DMA1_Channel4_IRQHandler                 0x080007cb   Thumb Code     0  startup_stm32f10x_hd.o(.text)
    DMA1_Channel5_IRQHandler                 0x080007cb   Thumb Code     0  startup_stm32f10x_hd.o(.text)
    DMA1_Channel6_IRQHandler                 0x080007cb   Thumb Code     0  startup_stm32f10x_hd.o(.text)
    DMA1_Channel7_IRQHandler                 0x080007cb   Thumb Code     0  startup_stm32f10x_hd.o(.text)
    DMA2_Channel1_IRQHandler                 0x080007cb   Thumb Code     0  startup_stm32f10x_hd.o(.text)
    DMA2_Channel2_IRQHandler                 0x080007cb   Thumb Code     0  startup_stm32f10x_hd.o(.text)
    DMA2_Channel3_IRQHandler                 0x080007cb   Thumb Code     0  startup_stm32f10x_hd.o(.text)
    DMA2_Channel4_5_IRQHandler               0x080007cb   Thumb Code     0  startup_stm32f10x_hd.o(.text)
    EXTI0_IRQHandler                         0x080007cb   Thumb Code     0  startup_stm32f10x_hd.o(.text)
    EXTI15_10_IRQHandler                     0x080007cb   Thumb Code     0  startup_stm32f10x_hd.o(.text)
    EXTI1_IRQHandler                         0x080007cb   Thumb Code     0  startup_stm32f10x_hd.o(.text)
    EXTI2_IRQHandler                         0x080007cb   Thumb Code     0  startup_stm32f10x_hd.o(.text)
    EXTI3_IRQHandler                         0x080007cb   Thumb Code     0  startup_stm32f10x_hd.o(.text)
    EXTI4_IRQHandler                         0x080007cb   Thumb Code     0  startup_stm32f10x_hd.o(.text)
    EXTI9_5_IRQHandler                       0x080007cb   Thumb Code     0  startup_stm32f10x_hd.o(.text)
    FLASH_IRQHandler                         0x080007cb   Thumb Code     0  startup_stm32f10x_hd.o(.text)
    FSMC_IRQHandler                          0x080007cb   Thumb Code     0  startup_stm32f10x_hd.o(.text)
    I2C1_ER_IRQHandler                       0x080007cb   Thumb Code     0  startup_stm32f10x_hd.o(.text)
    I2C1_EV_IRQHandler                       0x080007cb   Thumb Code     0  startup_stm32f10x_hd.o(.text)
    I2C2_ER_IRQHandler                       0x080007cb   Thumb Code     0  startup_stm32f10x_hd.o(.text)
    I2C2_EV_IRQHandler                       0x080007cb   Thumb Code     0  startup_stm32f10x_hd.o(.text)
    PVD_IRQHandler                           0x080007cb   Thumb Code     0  startup_stm32f10x_hd.o(.text)
    RCC_IRQHandler                           0x080007cb   Thumb Code     0  startup_stm32f10x_hd.o(.text)
    RTCAlarm_IRQHandler                      0x080007cb   Thumb Code     0  startup_stm32f10x_hd.o(.text)
    RTC_IRQHandler                           0x080007cb   Thumb Code     0  startup_stm32f10x_hd.o(.text)
    SDIO_IRQHandler                          0x080007cb   Thumb Code     0  startup_stm32f10x_hd.o(.text)
    SPI1_IRQHandler                          0x080007cb   Thumb Code     0  startup_stm32f10x_hd.o(.text)
    SPI2_IRQHandler                          0x080007cb   Thumb Code     0  startup_stm32f10x_hd.o(.text)
    SPI3_IRQHandler                          0x080007cb   Thumb Code     0  startup_stm32f10x_hd.o(.text)
    TAMPER_IRQHandler                        0x080007cb   Thumb Code     0  startup_stm32f10x_hd.o(.text)
    TIM1_BRK_IRQHandler                      0x080007cb   Thumb Code     0  startup_stm32f10x_hd.o(.text)
    TIM1_CC_IRQHandler                       0x080007cb   Thumb Code     0  startup_stm32f10x_hd.o(.text)
    TIM1_TRG_COM_IRQHandler                  0x080007cb   Thumb Code     0  startup_stm32f10x_hd.o(.text)
    TIM1_UP_IRQHandler                       0x080007cb   Thumb Code     0  startup_stm32f10x_hd.o(.text)
    TIM2_IRQHandler                          0x080007cb   Thumb Code     0  startup_stm32f10x_hd.o(.text)
    TIM4_IRQHandler                          0x080007cb   Thumb Code     0  startup_stm32f10x_hd.o(.text)
    TIM5_IRQHandler                          0x080007cb   Thumb Code     0  startup_stm32f10x_hd.o(.text)
    TIM6_IRQHandler                          0x080007cb   Thumb Code     0  startup_stm32f10x_hd.o(.text)
    TIM7_IRQHandler                          0x080007cb   Thumb Code     0  startup_stm32f10x_hd.o(.text)
    TIM8_BRK_IRQHandler                      0x080007cb   Thumb Code     0  startup_stm32f10x_hd.o(.text)
    TIM8_CC_IRQHandler                       0x080007cb   Thumb Code     0  startup_stm32f10x_hd.o(.text)
    TIM8_TRG_COM_IRQHandler                  0x080007cb   Thumb Code     0  startup_stm32f10x_hd.o(.text)
    TIM8_UP_IRQHandler                       0x080007cb   Thumb Code     0  startup_stm32f10x_hd.o(.text)
    UART4_IRQHandler                         0x080007cb   Thumb Code     0  startup_stm32f10x_hd.o(.text)
    UART5_IRQHandler                         0x080007cb   Thumb Code     0  startup_stm32f10x_hd.o(.text)
    USART2_IRQHandler                        0x080007cb   Thumb Code     0  startup_stm32f10x_hd.o(.text)
    USART3_IRQHandler                        0x080007cb   Thumb Code     0  startup_stm32f10x_hd.o(.text)
    USBWakeUp_IRQHandler                     0x080007cb   Thumb Code     0  startup_stm32f10x_hd.o(.text)
    USB_HP_CAN1_TX_IRQHandler                0x080007cb   Thumb Code     0  startup_stm32f10x_hd.o(.text)
    USB_LP_CAN1_RX0_IRQHandler               0x080007cb   Thumb Code     0  startup_stm32f10x_hd.o(.text)
    WWDG_IRQHandler                          0x080007cb   Thumb Code     0  startup_stm32f10x_hd.o(.text)
    __user_initial_stackheap                 0x080007cd   Thumb Code     0  startup_stm32f10x_hd.o(.text)
    NVIC_PriorityGroupConfig                 0x080007f1   Thumb Code    10  misc.o(.text)
    NVIC_Init                                0x080007fb   Thumb Code   100  misc.o(.text)
    NVIC_SetVectorTable                      0x0800085f   Thumb Code    14  misc.o(.text)
    NVIC_SystemLPConfig                      0x0800086d   Thumb Code    34  misc.o(.text)
    SysTick_CLKSourceConfig                  0x0800088f   Thumb Code    40  misc.o(.text)
    ADC_DeInit                               0x080008cd   Thumb Code    78  stm32f10x_adc.o(.text)
    ADC_Init                                 0x0800091b   Thumb Code    70  stm32f10x_adc.o(.text)
    ADC_StructInit                           0x08000961   Thumb Code    18  stm32f10x_adc.o(.text)
    ADC_Cmd                                  0x08000973   Thumb Code    22  stm32f10x_adc.o(.text)
    ADC_DMACmd                               0x08000989   Thumb Code    22  stm32f10x_adc.o(.text)
    ADC_ITConfig                             0x0800099f   Thumb Code    24  stm32f10x_adc.o(.text)
    ADC_ResetCalibration                     0x080009b7   Thumb Code    10  stm32f10x_adc.o(.text)
    ADC_GetResetCalibrationStatus            0x080009c1   Thumb Code    20  stm32f10x_adc.o(.text)
    ADC_StartCalibration                     0x080009d5   Thumb Code    10  stm32f10x_adc.o(.text)
    ADC_GetCalibrationStatus                 0x080009df   Thumb Code    20  stm32f10x_adc.o(.text)
    ADC_SoftwareStartConvCmd                 0x080009f3   Thumb Code    22  stm32f10x_adc.o(.text)
    ADC_GetSoftwareStartConvStatus           0x08000a09   Thumb Code    20  stm32f10x_adc.o(.text)
    ADC_DiscModeChannelCountConfig           0x08000a1d   Thumb Code    24  stm32f10x_adc.o(.text)
    ADC_DiscModeCmd                          0x08000a35   Thumb Code    22  stm32f10x_adc.o(.text)
    ADC_RegularChannelConfig                 0x08000a4b   Thumb Code   184  stm32f10x_adc.o(.text)
    ADC_ExternalTrigConvCmd                  0x08000b03   Thumb Code    22  stm32f10x_adc.o(.text)
    ADC_GetConversionValue                   0x08000b19   Thumb Code     8  stm32f10x_adc.o(.text)
    ADC_GetDualModeConversionValue           0x08000b21   Thumb Code     8  stm32f10x_adc.o(.text)
    ADC_AutoInjectedConvCmd                  0x08000b29   Thumb Code    22  stm32f10x_adc.o(.text)
    ADC_InjectedDiscModeCmd                  0x08000b3f   Thumb Code    22  stm32f10x_adc.o(.text)
    ADC_ExternalTrigInjectedConvConfig       0x08000b55   Thumb Code    16  stm32f10x_adc.o(.text)
    ADC_ExternalTrigInjectedConvCmd          0x08000b65   Thumb Code    22  stm32f10x_adc.o(.text)
    ADC_SoftwareStartInjectedConvCmd         0x08000b7b   Thumb Code    22  stm32f10x_adc.o(.text)
    ADC_GetSoftwareStartInjectedConvCmdStatus 0x08000b91   Thumb Code    20  stm32f10x_adc.o(.text)
    ADC_InjectedChannelConfig                0x08000ba5   Thumb Code   130  stm32f10x_adc.o(.text)
    ADC_InjectedSequencerLengthConfig        0x08000c27   Thumb Code    24  stm32f10x_adc.o(.text)
    ADC_SetInjectedOffset                    0x08000c3f   Thumb Code    20  stm32f10x_adc.o(.text)
    ADC_GetInjectedConversionValue           0x08000c53   Thumb Code    28  stm32f10x_adc.o(.text)
    ADC_AnalogWatchdogCmd                    0x08000c6f   Thumb Code    16  stm32f10x_adc.o(.text)
    ADC_AnalogWatchdogThresholdsConfig       0x08000c7f   Thumb Code     6  stm32f10x_adc.o(.text)
    ADC_AnalogWatchdogSingleChannelConfig    0x08000c85   Thumb Code    16  stm32f10x_adc.o(.text)
    ADC_TempSensorVrefintCmd                 0x08000c95   Thumb Code    64  stm32f10x_adc.o(.text)
    ADC_GetFlagStatus                        0x08000cd5   Thumb Code    18  stm32f10x_adc.o(.text)
    ADC_ClearFlag                            0x08000ce7   Thumb Code     6  stm32f10x_adc.o(.text)
    ADC_GetITStatus                          0x08000ced   Thumb Code    36  stm32f10x_adc.o(.text)
    ADC_ClearITPendingBit                    0x08000d11   Thumb Code    10  stm32f10x_adc.o(.text)
    GPIO_DeInit                              0x08000d1d   Thumb Code   172  stm32f10x_gpio.o(.text)
    GPIO_AFIODeInit                          0x08000dc9   Thumb Code    20  stm32f10x_gpio.o(.text)
    GPIO_Init                                0x08000ddd   Thumb Code   278  stm32f10x_gpio.o(.text)
    GPIO_StructInit                          0x08000ef3   Thumb Code    16  stm32f10x_gpio.o(.text)
    GPIO_ReadInputDataBit                    0x08000f03   Thumb Code    18  stm32f10x_gpio.o(.text)
    GPIO_ReadInputData                       0x08000f15   Thumb Code     8  stm32f10x_gpio.o(.text)
    GPIO_ReadOutputDataBit                   0x08000f1d   Thumb Code    18  stm32f10x_gpio.o(.text)
    GPIO_ReadOutputData                      0x08000f2f   Thumb Code     8  stm32f10x_gpio.o(.text)
    GPIO_SetBits                             0x08000f37   Thumb Code     4  stm32f10x_gpio.o(.text)
    GPIO_ResetBits                           0x08000f3b   Thumb Code     4  stm32f10x_gpio.o(.text)
    GPIO_WriteBit                            0x08000f3f   Thumb Code    10  stm32f10x_gpio.o(.text)
    GPIO_Write                               0x08000f49   Thumb Code     4  stm32f10x_gpio.o(.text)
    GPIO_PinLockConfig                       0x08000f4d   Thumb Code    18  stm32f10x_gpio.o(.text)
    GPIO_EventOutputConfig                   0x08000f5f   Thumb Code    26  stm32f10x_gpio.o(.text)
    GPIO_EventOutputCmd                      0x08000f79   Thumb Code     6  stm32f10x_gpio.o(.text)
    GPIO_PinRemapConfig                      0x08000f7f   Thumb Code   138  stm32f10x_gpio.o(.text)
    GPIO_EXTILineConfig                      0x08001009   Thumb Code    66  stm32f10x_gpio.o(.text)
    GPIO_ETH_MediaInterfaceConfig            0x0800104b   Thumb Code     8  stm32f10x_gpio.o(.text)
    RCC_DeInit                               0x08001079   Thumb Code    64  stm32f10x_rcc.o(.text)
    RCC_HSEConfig                            0x080010b9   Thumb Code    70  stm32f10x_rcc.o(.text)
    RCC_GetFlagStatus                        0x080010ff   Thumb Code    56  stm32f10x_rcc.o(.text)
    RCC_WaitForHSEStartUp                    0x08001137   Thumb Code    56  stm32f10x_rcc.o(.text)
    RCC_AdjustHSICalibrationValue            0x0800116f   Thumb Code    20  stm32f10x_rcc.o(.text)
    RCC_HSICmd                               0x08001183   Thumb Code     6  stm32f10x_rcc.o(.text)
    RCC_PLLConfig                            0x08001189   Thumb Code    24  stm32f10x_rcc.o(.text)
    RCC_PLLCmd                               0x080011a1   Thumb Code     6  stm32f10x_rcc.o(.text)
    RCC_SYSCLKConfig                         0x080011a7   Thumb Code    18  stm32f10x_rcc.o(.text)
    RCC_GetSYSCLKSource                      0x080011b9   Thumb Code    10  stm32f10x_rcc.o(.text)
    RCC_HCLKConfig                           0x080011c3   Thumb Code    18  stm32f10x_rcc.o(.text)
    RCC_PCLK1Config                          0x080011d5   Thumb Code    18  stm32f10x_rcc.o(.text)
    RCC_PCLK2Config                          0x080011e7   Thumb Code    20  stm32f10x_rcc.o(.text)
    RCC_ITConfig                             0x080011fb   Thumb Code    26  stm32f10x_rcc.o(.text)
    RCC_USBCLKConfig                         0x08001215   Thumb Code     8  stm32f10x_rcc.o(.text)
    RCC_ADCCLKConfig                         0x0800121d   Thumb Code    18  stm32f10x_rcc.o(.text)
    RCC_LSEConfig                            0x0800122f   Thumb Code    50  stm32f10x_rcc.o(.text)
    RCC_LSICmd                               0x08001261   Thumb Code     6  stm32f10x_rcc.o(.text)
    RCC_RTCCLKConfig                         0x08001267   Thumb Code    12  stm32f10x_rcc.o(.text)
    RCC_RTCCLKCmd                            0x08001273   Thumb Code     8  stm32f10x_rcc.o(.text)
    RCC_GetClocksFreq                        0x0800127b   Thumb Code   192  stm32f10x_rcc.o(.text)
    RCC_AHBPeriphClockCmd                    0x0800133b   Thumb Code    26  stm32f10x_rcc.o(.text)
    RCC_APB2PeriphClockCmd                   0x08001355   Thumb Code    26  stm32f10x_rcc.o(.text)
    RCC_APB1PeriphClockCmd                   0x0800136f   Thumb Code    26  stm32f10x_rcc.o(.text)
    RCC_APB2PeriphResetCmd                   0x08001389   Thumb Code    26  stm32f10x_rcc.o(.text)
    RCC_APB1PeriphResetCmd                   0x080013a3   Thumb Code    26  stm32f10x_rcc.o(.text)
    RCC_BackupResetCmd                       0x080013bd   Thumb Code     8  stm32f10x_rcc.o(.text)
    RCC_ClockSecuritySystemCmd               0x080013c5   Thumb Code     6  stm32f10x_rcc.o(.text)
    RCC_MCOConfig                            0x080013cb   Thumb Code     6  stm32f10x_rcc.o(.text)
    RCC_ClearFlag                            0x080013d1   Thumb Code    14  stm32f10x_rcc.o(.text)
    RCC_GetITStatus                          0x080013df   Thumb Code    20  stm32f10x_rcc.o(.text)
    RCC_ClearITPendingBit                    0x080013f3   Thumb Code     6  stm32f10x_rcc.o(.text)
    SPI_I2S_DeInit                           0x0800141d   Thumb Code    76  stm32f10x_spi.o(.text)
    SPI_Init                                 0x08001469   Thumb Code    60  stm32f10x_spi.o(.text)
    I2S_Init                                 0x080014a5   Thumb Code   226  stm32f10x_spi.o(.text)
    SPI_StructInit                           0x08001587   Thumb Code    24  stm32f10x_spi.o(.text)
    I2S_StructInit                           0x0800159f   Thumb Code    20  stm32f10x_spi.o(.text)
    SPI_Cmd                                  0x080015b3   Thumb Code    24  stm32f10x_spi.o(.text)
    I2S_Cmd                                  0x080015cb   Thumb Code    24  stm32f10x_spi.o(.text)
    SPI_I2S_ITConfig                         0x080015e3   Thumb Code    32  stm32f10x_spi.o(.text)
    SPI_I2S_DMACmd                           0x08001603   Thumb Code    18  stm32f10x_spi.o(.text)
    SPI_I2S_SendData                         0x08001615   Thumb Code     4  stm32f10x_spi.o(.text)
    SPI_I2S_ReceiveData                      0x08001619   Thumb Code     6  stm32f10x_spi.o(.text)
    SPI_NSSInternalSoftwareConfig            0x0800161f   Thumb Code    30  stm32f10x_spi.o(.text)
    SPI_SSOutputCmd                          0x0800163d   Thumb Code    24  stm32f10x_spi.o(.text)
    SPI_DataSizeConfig                       0x08001655   Thumb Code    18  stm32f10x_spi.o(.text)
    SPI_TransmitCRC                          0x08001667   Thumb Code    10  stm32f10x_spi.o(.text)
    SPI_CalculateCRC                         0x08001671   Thumb Code    24  stm32f10x_spi.o(.text)
    SPI_GetCRC                               0x08001689   Thumb Code    16  stm32f10x_spi.o(.text)
    SPI_GetCRCPolynomial                     0x08001699   Thumb Code     6  stm32f10x_spi.o(.text)
    SPI_BiDirectionalLineConfig              0x0800169f   Thumb Code    28  stm32f10x_spi.o(.text)
    SPI_I2S_GetFlagStatus                    0x080016bb   Thumb Code    18  stm32f10x_spi.o(.text)
    SPI_I2S_ClearFlag                        0x080016cd   Thumb Code     6  stm32f10x_spi.o(.text)
    SPI_I2S_GetITStatus                      0x080016d3   Thumb Code    52  stm32f10x_spi.o(.text)
    SPI_I2S_ClearITPendingBit                0x08001707   Thumb Code    20  stm32f10x_spi.o(.text)
    TIM_DeInit                               0x08001729   Thumb Code   424  stm32f10x_tim.o(.text)
    TIM_TimeBaseInit                         0x080018d1   Thumb Code   122  stm32f10x_tim.o(.text)
    TIM_OC1Init                              0x0800194b   Thumb Code   132  stm32f10x_tim.o(.text)
    TIM_OC2Init                              0x080019cf   Thumb Code   154  stm32f10x_tim.o(.text)
    TIM_OC3Init                              0x08001a69   Thumb Code   150  stm32f10x_tim.o(.text)
    TIM_OC4Init                              0x08001aff   Thumb Code   182  stm32f10x_tim.o(.text)
    TIM_SetIC4Prescaler                      0x08001bb5   Thumb Code    26  stm32f10x_tim.o(.text)
    TIM_SetIC3Prescaler                      0x08001c51   Thumb Code    18  stm32f10x_tim.o(.text)
    TIM_SetIC2Prescaler                      0x08001cdd   Thumb Code    26  stm32f10x_tim.o(.text)
    TIM_SetIC1Prescaler                      0x08001d79   Thumb Code    18  stm32f10x_tim.o(.text)
    TIM_ICInit                               0x08001df7   Thumb Code   150  stm32f10x_tim.o(.text)
    TIM_PWMIConfig                           0x08001e8d   Thumb Code   124  stm32f10x_tim.o(.text)
    TIM_BDTRConfig                           0x08001f09   Thumb Code    32  stm32f10x_tim.o(.text)
    TIM_TimeBaseStructInit                   0x08001f29   Thumb Code    18  stm32f10x_tim.o(.text)
    TIM_OCStructInit                         0x08001f3b   Thumb Code    20  stm32f10x_tim.o(.text)
    TIM_ICStructInit                         0x08001f4f   Thumb Code    18  stm32f10x_tim.o(.text)
    TIM_BDTRStructInit                       0x08001f61   Thumb Code    40  stm32f10x_tim.o(.text)
    TIM_Cmd                                  0x08001f89   Thumb Code    24  stm32f10x_tim.o(.text)
    TIM_CtrlPWMOutputs                       0x08001fa1   Thumb Code    30  stm32f10x_tim.o(.text)
    TIM_ITConfig                             0x08001fbf   Thumb Code    18  stm32f10x_tim.o(.text)
    TIM_GenerateEvent                        0x08001fd1   Thumb Code     4  stm32f10x_tim.o(.text)
    TIM_DMAConfig                            0x08001fd5   Thumb Code    10  stm32f10x_tim.o(.text)
    TIM_DMACmd                               0x08001fdf   Thumb Code    18  stm32f10x_tim.o(.text)
    TIM_InternalClockConfig                  0x08001ff1   Thumb Code    12  stm32f10x_tim.o(.text)
    TIM_SelectInputTrigger                   0x08001ffd   Thumb Code    18  stm32f10x_tim.o(.text)
    TIM_ITRxExternalClockConfig              0x0800200f   Thumb Code    24  stm32f10x_tim.o(.text)
    TIM_TIxExternalClockConfig               0x08002027   Thumb Code    62  stm32f10x_tim.o(.text)
    TIM_ETRConfig                            0x08002065   Thumb Code    28  stm32f10x_tim.o(.text)
    TIM_ETRClockMode1Config                  0x08002081   Thumb Code    54  stm32f10x_tim.o(.text)
    TIM_ETRClockMode2Config                  0x080020b7   Thumb Code    32  stm32f10x_tim.o(.text)
    TIM_PrescalerConfig                      0x080020d7   Thumb Code     6  stm32f10x_tim.o(.text)
    TIM_CounterModeConfig                    0x080020dd   Thumb Code    18  stm32f10x_tim.o(.text)
    TIM_EncoderInterfaceConfig               0x080020ef   Thumb Code    66  stm32f10x_tim.o(.text)
    TIM_ForcedOC1Config                      0x08002131   Thumb Code    18  stm32f10x_tim.o(.text)
    TIM_ForcedOC2Config                      0x08002143   Thumb Code    26  stm32f10x_tim.o(.text)
    TIM_ForcedOC3Config                      0x0800215d   Thumb Code    18  stm32f10x_tim.o(.text)
    TIM_ForcedOC4Config                      0x0800216f   Thumb Code    26  stm32f10x_tim.o(.text)
    TIM_ARRPreloadConfig                     0x08002189   Thumb Code    24  stm32f10x_tim.o(.text)
    TIM_SelectCOM                            0x080021a1   Thumb Code    24  stm32f10x_tim.o(.text)
    TIM_SelectCCDMA                          0x080021b9   Thumb Code    24  stm32f10x_tim.o(.text)
    TIM_CCPreloadControl                     0x080021d1   Thumb Code    24  stm32f10x_tim.o(.text)
    TIM_OC1PreloadConfig                     0x080021e9   Thumb Code    18  stm32f10x_tim.o(.text)
    TIM_OC2PreloadConfig                     0x080021fb   Thumb Code    26  stm32f10x_tim.o(.text)
    TIM_OC3PreloadConfig                     0x08002215   Thumb Code    18  stm32f10x_tim.o(.text)
    TIM_OC4PreloadConfig                     0x08002227   Thumb Code    26  stm32f10x_tim.o(.text)
    TIM_OC1FastConfig                        0x08002241   Thumb Code    18  stm32f10x_tim.o(.text)
    TIM_OC2FastConfig                        0x08002253   Thumb Code    26  stm32f10x_tim.o(.text)
    TIM_OC3FastConfig                        0x0800226d   Thumb Code    18  stm32f10x_tim.o(.text)
    TIM_OC4FastConfig                        0x0800227f   Thumb Code    26  stm32f10x_tim.o(.text)
    TIM_ClearOC1Ref                          0x08002299   Thumb Code    18  stm32f10x_tim.o(.text)
    TIM_ClearOC2Ref                          0x080022ab   Thumb Code    24  stm32f10x_tim.o(.text)
    TIM_ClearOC3Ref                          0x080022c3   Thumb Code    18  stm32f10x_tim.o(.text)
    TIM_ClearOC4Ref                          0x080022d5   Thumb Code    24  stm32f10x_tim.o(.text)
    TIM_OC1PolarityConfig                    0x080022ed   Thumb Code    18  stm32f10x_tim.o(.text)
    TIM_OC1NPolarityConfig                   0x080022ff   Thumb Code    18  stm32f10x_tim.o(.text)
    TIM_OC2PolarityConfig                    0x08002311   Thumb Code    26  stm32f10x_tim.o(.text)
    TIM_OC2NPolarityConfig                   0x0800232b   Thumb Code    26  stm32f10x_tim.o(.text)
    TIM_OC3PolarityConfig                    0x08002345   Thumb Code    26  stm32f10x_tim.o(.text)
    TIM_OC3NPolarityConfig                   0x0800235f   Thumb Code    26  stm32f10x_tim.o(.text)
    TIM_OC4PolarityConfig                    0x08002379   Thumb Code    26  stm32f10x_tim.o(.text)
    TIM_CCxCmd                               0x08002393   Thumb Code    30  stm32f10x_tim.o(.text)
    TIM_CCxNCmd                              0x080023b1   Thumb Code    30  stm32f10x_tim.o(.text)
    TIM_SelectOCxM                           0x080023cf   Thumb Code    82  stm32f10x_tim.o(.text)
    TIM_UpdateDisableConfig                  0x08002421   Thumb Code    24  stm32f10x_tim.o(.text)
    TIM_UpdateRequestConfig                  0x08002439   Thumb Code    24  stm32f10x_tim.o(.text)
    TIM_SelectHallSensor                     0x08002451   Thumb Code    24  stm32f10x_tim.o(.text)
    TIM_SelectOnePulseMode                   0x08002469   Thumb Code    18  stm32f10x_tim.o(.text)
    TIM_SelectOutputTrigger                  0x0800247b   Thumb Code    18  stm32f10x_tim.o(.text)
    TIM_SelectSlaveMode                      0x0800248d   Thumb Code    18  stm32f10x_tim.o(.text)
    TIM_SelectMasterSlaveMode                0x0800249f   Thumb Code    18  stm32f10x_tim.o(.text)
    TIM_SetCounter                           0x080024b1   Thumb Code     4  stm32f10x_tim.o(.text)
    TIM_SetAutoreload                        0x080024b5   Thumb Code     4  stm32f10x_tim.o(.text)
    TIM_SetCompare1                          0x080024b9   Thumb Code     4  stm32f10x_tim.o(.text)
    TIM_SetCompare2                          0x080024bd   Thumb Code     4  stm32f10x_tim.o(.text)
    TIM_SetCompare3                          0x080024c1   Thumb Code     4  stm32f10x_tim.o(.text)
    TIM_SetCompare4                          0x080024c5   Thumb Code     6  stm32f10x_tim.o(.text)
    TIM_SetClockDivision                     0x080024cb   Thumb Code    18  stm32f10x_tim.o(.text)
    TIM_GetCapture1                          0x080024dd   Thumb Code     6  stm32f10x_tim.o(.text)
    TIM_GetCapture2                          0x080024e3   Thumb Code     6  stm32f10x_tim.o(.text)
    TIM_GetCapture3                          0x080024e9   Thumb Code     6  stm32f10x_tim.o(.text)
    TIM_GetCapture4                          0x080024ef   Thumb Code     8  stm32f10x_tim.o(.text)
    TIM_GetCounter                           0x080024f7   Thumb Code     6  stm32f10x_tim.o(.text)
    TIM_GetPrescaler                         0x080024fd   Thumb Code     6  stm32f10x_tim.o(.text)
    TIM_GetFlagStatus                        0x08002503   Thumb Code    18  stm32f10x_tim.o(.text)
    TIM_ClearFlag                            0x08002515   Thumb Code     6  stm32f10x_tim.o(.text)
    TIM_GetITStatus                          0x0800251b   Thumb Code    34  stm32f10x_tim.o(.text)
    TIM_ClearITPendingBit                    0x0800253d   Thumb Code     6  stm32f10x_tim.o(.text)
    USART_DeInit                             0x08002545   Thumb Code   134  stm32f10x_usart.o(.text)
    USART_Init                               0x080025cb   Thumb Code   210  stm32f10x_usart.o(.text)
    USART_StructInit                         0x0800269d   Thumb Code    24  stm32f10x_usart.o(.text)
    USART_ClockInit                          0x080026b5   Thumb Code    34  stm32f10x_usart.o(.text)
    USART_ClockStructInit                    0x080026d7   Thumb Code    12  stm32f10x_usart.o(.text)
    USART_Cmd                                0x080026e3   Thumb Code    24  stm32f10x_usart.o(.text)
    USART_ITConfig                           0x080026fb   Thumb Code    74  stm32f10x_usart.o(.text)
    USART_DMACmd                             0x08002745   Thumb Code    18  stm32f10x_usart.o(.text)
    USART_SetAddress                         0x08002757   Thumb Code    18  stm32f10x_usart.o(.text)
    USART_WakeUpConfig                       0x08002769   Thumb Code    18  stm32f10x_usart.o(.text)
    USART_ReceiverWakeUpCmd                  0x0800277b   Thumb Code    24  stm32f10x_usart.o(.text)
    USART_LINBreakDetectLengthConfig         0x08002793   Thumb Code    18  stm32f10x_usart.o(.text)
    USART_LINCmd                             0x080027a5   Thumb Code    24  stm32f10x_usart.o(.text)
    USART_SendData                           0x080027bd   Thumb Code     8  stm32f10x_usart.o(.text)
    USART_ReceiveData                        0x080027c5   Thumb Code    10  stm32f10x_usart.o(.text)
    USART_SendBreak                          0x080027cf   Thumb Code    10  stm32f10x_usart.o(.text)
    USART_SetGuardTime                       0x080027d9   Thumb Code    16  stm32f10x_usart.o(.text)
    USART_SetPrescaler                       0x080027e9   Thumb Code    16  stm32f10x_usart.o(.text)
    USART_SmartCardCmd                       0x080027f9   Thumb Code    24  stm32f10x_usart.o(.text)
    USART_SmartCardNACKCmd                   0x08002811   Thumb Code    24  stm32f10x_usart.o(.text)
    USART_HalfDuplexCmd                      0x08002829   Thumb Code    24  stm32f10x_usart.o(.text)
    USART_OverSampling8Cmd                   0x08002841   Thumb Code    22  stm32f10x_usart.o(.text)
    USART_OneBitMethodCmd                    0x08002857   Thumb Code    24  stm32f10x_usart.o(.text)
    USART_IrDAConfig                         0x0800286f   Thumb Code    18  stm32f10x_usart.o(.text)
    USART_IrDACmd                            0x08002881   Thumb Code    24  stm32f10x_usart.o(.text)
    USART_GetFlagStatus                      0x08002899   Thumb Code    26  stm32f10x_usart.o(.text)
    USART_ClearFlag                          0x080028b3   Thumb Code    18  stm32f10x_usart.o(.text)
    USART_GetITStatus                        0x080028c5   Thumb Code    84  stm32f10x_usart.o(.text)
    USART_ClearITPendingBit                  0x08002919   Thumb Code    52  stm32f10x_usart.o(.text)
    delay_init                               0x0800294d   Thumb Code    50  delay.o(.text)
    delay_us                                 0x0800297f   Thumb Code    72  delay.o(.text)
    delay_ms                                 0x080029c7   Thumb Code    72  delay.o(.text)
    NVIC_Configuration                       0x08002a21   Thumb Code    12  sys.o(.text)
    _sys_exit                                0x08002a2d   Thumb Code     6  usart.o(.text)
    fputc                                    0x08002a33   Thumb Code    24  usart.o(.text)
    uart_init                                0x08002a4b   Thumb Code   152  usart.o(.text)
    USART1_IRQHandler                        0x08002ae3   Thumb Code   122  usart.o(.text)
    LED_Init                                 0x08002b6d   Thumb Code    46  led.o(.text)
    TIM3_Int_Init                            0x08002ba1   Thumb Code    90  timer.o(.text)
    TIM3_IRQHandler                          0x08002bfb   Thumb Code    22  timer.o(.text)
    TIM4_Mode_Config                         0x08002c41   Thumb Code   106  timer.o(.text)
    TIM4_PWM_Init                            0x08002cab   Thumb Code    60  timer.o(.text)
    Key_init                                 0x08002cf5   Thumb Code    32  key.o(.text)
    Key_Scan                                 0x08002d15   Thumb Code   188  key.o(.text)
    GPIO_TIM2_Config                         0x08002dd9   Thumb Code    46  pwm.o(.text)
    TIM2_Mode_Config                         0x08002e07   Thumb Code   112  pwm.o(.text)
    PWM_Init                                 0x08002e77   Thumb Code    20  pwm.o(.text)
    DC_Motor_Init                            0x08002e91   Thumb Code    94  dianji.o(.text)
    DC_Motor_forward                         0x08002eef   Thumb Code    72  dianji.o(.text)
    DC_Motor_back                            0x08002f37   Thumb Code    74  dianji.o(.text)
    DC_Motor_Left                            0x08002f81   Thumb Code    74  dianji.o(.text)
    DC_Motor_Right                           0x08002fcb   Thumb Code    74  dianji.o(.text)
    Motor_Left                               0x08003021   Thumb Code    34  duoji.o(.text)
    Motor_Right                              0x08003043   Thumb Code    34  duoji.o(.text)
    Motor_Up                                 0x08003065   Thumb Code    38  duoji.o(.text)
    Motor_Down                               0x0800308b   Thumb Code    38  duoji.o(.text)
    Dianji_Control_Key_Init                  0x080030b5   Thumb Code    34  control.o(.text)
    Dianji_Action                            0x080030d7   Thumb Code    76  control.o(.text)
    Motor_Contrl_Key_Init                    0x08003123   Thumb Code    32  control.o(.text)
    Duoji_Action                             0x08003143   Thumb Code   128  control.o(.text)
    LCD_DLY_ms                               0x080031d1   Thumb Code    24  oled.o(.text)
    LCD_WrDat                                0x080031e9   Thumb Code    62  oled.o(.text)
    LCD_WrCmd                                0x08003227   Thumb Code    68  oled.o(.text)
    LCD_Set_Pos                              0x0800326b   Thumb Code    36  oled.o(.text)
    LCD_Fill                                 0x0800328f   Thumb Code    58  oled.o(.text)
    LCD_CLS                                  0x080032c9   Thumb Code    56  oled.o(.text)
    LCD_P6x8Str                              0x08003301   Thumb Code    96  oled.o(.text)
    LCD_P6X8Char                             0x08003361   Thumb Code    64  oled.o(.text)
    LCD_P6X8Num                              0x080033a1   Thumb Code   504  oled.o(.text)
    LCD_P8x16Str                             0x08003599   Thumb Code   164  oled.o(.text)
    LCD_P16x16Ch                             0x0800363d   Thumb Code    80  oled.o(.text)
    Draw_BMP                                 0x0800368d   Thumb Code   116  oled.o(.text)
    OLED_Init                                0x08003701   Thumb Code   284  oled.o(.text)
    Adc_Init                                 0x08003839   Thumb Code   134  adc.o(.text)
    Get_Adc                                  0x080038bf   Thumb Code    46  adc.o(.text)
    Get_Adc_Average                          0x080038ed   Thumb Code    46  adc.o(.text)
    Delay                                    0x08003925   Thumb Code    18  bsp_spi_nrf.o(.text)
    SPI_NRF_Init                             0x08003937   Thumb Code   206  bsp_spi_nrf.o(.text)
    SPI_NRF_RW                               0x08003a05   Thumb Code    50  bsp_spi_nrf.o(.text)
    SPI_NRF_WriteReg                         0x08003a37   Thumb Code    48  bsp_spi_nrf.o(.text)
    SPI_NRF_ReadReg                          0x08003a67   Thumb Code    46  bsp_spi_nrf.o(.text)
    SPI_NRF_ReadBuf                          0x08003a95   Thumb Code    68  bsp_spi_nrf.o(.text)
    SPI_NRF_WriteBuf                         0x08003ad9   Thumb Code    68  bsp_spi_nrf.o(.text)
    NRF_RX_Mode                              0x08003b1d   Thumb Code    78  bsp_spi_nrf.o(.text)
    NRF_TX_Mode                              0x08003b6b   Thumb Code    96  bsp_spi_nrf.o(.text)
    NRF_Check                                0x08003bcb   Thumb Code    68  bsp_spi_nrf.o(.text)
    NRF_Tx_Dat                               0x08003c0f   Thumb Code    92  bsp_spi_nrf.o(.text)
    NRF_Rx_Dat                               0x08003c6b   Thumb Code    82  bsp_spi_nrf.o(.text)
    __use_no_semihosting                     0x08003cd9   Thumb Code     2  use_no_semi_2.o(.text)
    __2printf                                0x08003cdd   Thumb Code    20  noretval__2printf.o(.text)
    __printf                                 0x08003cf5   Thumb Code   104  __printf.o(.text)
    _printf_int_dec                          0x08003d5d   Thumb Code   100  _printf_dec.o(.text)
    __use_two_region_memory                  0x08003dd1   Thumb Code     2  heapauxi.o(.text)
    __rt_heap_escrow$2region                 0x08003dd3   Thumb Code     2  heapauxi.o(.text)
    __rt_heap_expand$2region                 0x08003dd5   Thumb Code     2  heapauxi.o(.text)
    __I$use$semihosting                      0x08003dd7   Thumb Code     0  use_no_semi.o(.text)
    __use_no_semihosting_swi                 0x08003dd7   Thumb Code     2  use_no_semi.o(.text)
    _printf_int_common                       0x08003dd9   Thumb Code   178  _printf_intcommon.o(.text)
    _printf_char_file                        0x08003e8d   Thumb Code    32  _printf_char_file.o(.text)
    _printf_char_common                      0x08003ebb   Thumb Code    32  _printf_char_common.o(.text)
    ferror                                   0x08003ee1   Thumb Code     8  ferror.o(.text)
    __user_setup_stackheap                   0x08003ee9   Thumb Code    74  sys_stackheap_outer.o(.text)
    exit                                     0x08003f33   Thumb Code    12  exit.o(.text)
    __user_libspace                          0x08003f41   Thumb Code     8  libspace.o(.text)
    __user_perproc_libspace                  0x08003f41   Thumb Code     0  libspace.o(.text)
    __user_perthread_libspace                0x08003f41   Thumb Code     0  libspace.o(.text)
    __aeabi_d2iz                             0x08003f49   Thumb Code     0  dfix.o(x$fpl$dfix)
    _dfix                                    0x08003f49   Thumb Code    94  dfix.o(x$fpl$dfix)
    __aeabi_i2d                              0x08003fa7   Thumb Code     0  dflt_clz.o(x$fpl$dflt)
    _dflt                                    0x08003fa7   Thumb Code    46  dflt_clz.o(x$fpl$dflt)
    __aeabi_dmul                             0x08003fd5   Thumb Code     0  dmul.o(x$fpl$dmul)
    _dmul                                    0x08003fd5   Thumb Code   332  dmul.o(x$fpl$dmul)
    __fpl_dnaninf                            0x08004129   Thumb Code   156  dnaninf.o(x$fpl$dnaninf)
    __fpl_dretinf                            0x080041c5   Thumb Code    12  dretinf.o(x$fpl$dretinf)
    F16x16                                   0x080041d0   Data        1024  oled.o(.constdata)
    __I$use$fp                               0x080041d0   Number         0  usenofp.o(x$fpl$usenofp)
    F6x8                                     0x080045d0   Data         552  oled.o(.constdata)
    F8X16                                    0x080047f8   Data        1520  oled.o(.constdata)
    BMP1                                     0x08004de8   Data        1024  oled.o(.constdata)
    Region$$Table$$Base                      0x080051e8   Number         0  anon$$obj.o(Region$$Table)
    Region$$Table$$Limit                     0x08005208   Number         0  anon$$obj.o(Region$$Table)
    key                                      0x20000000   Data           1  main.o(.data)
    adc0                                     0x20000002   Data           2  main.o(.data)
    adc1                                     0x20000004   Data           2  main.o(.data)
    adc2                                     0x20000006   Data           2  main.o(.data)
    adc3                                     0x20000008   Data           2  main.o(.data)
    temp0                                    0x2000000c   Data           4  main.o(.data)
    temp1                                    0x20000010   Data           4  main.o(.data)
    temp2                                    0x20000014   Data           4  main.o(.data)
    temp3                                    0x20000018   Data           4  main.o(.data)
    status                                   0x2000001c   Data           1  main.o(.data)
    txbuf                                    0x2000001d   Data           1  main.o(.data)
    rxbuf                                    0x2000001e   Data           4  main.o(.data)
    i                                        0x20000024   Data           4  main.o(.data)
    SystemCoreClock                          0x20000028   Data           4  system_stm32f10x.o(.data)
    AHBPrescTable                            0x2000002c   Data          16  system_stm32f10x.o(.data)
    __stdout                                 0x20000054   Data           4  usart.o(.data)
    USART_RX_STA                             0x20000058   Data           2  usart.o(.data)
    RX_BUF                                   0x2000005b   Data           4  bsp_spi_nrf.o(.data)
    TX_BUF                                   0x2000005f   Data           4  bsp_spi_nrf.o(.data)
    TX_ADDRESS                               0x20000063   Data           5  bsp_spi_nrf.o(.data)
    RX_ADDRESS                               0x20000068   Data           5  bsp_spi_nrf.o(.data)
    USART_RX_BUF                             0x20000070   Data         200  usart.o(.bss)
    __libspace_start                         0x20000138   Data          96  libspace.o(.bss)
    __temporary_stack_top$libspace           0x20000198   Data           0  libspace.o(.bss)



==============================================================================

Memory Map of the image

  Image Entry point : 0x08000131

  Load Region LR_IROM1 (Base: 0x08000000, Size: 0x00005278, Max: 0x00080000, ABSOLUTE)

    Execution Region ER_IROM1 (Base: 0x08000000, Size: 0x00005208, Max: 0x00080000, ABSOLUTE)

    Base Addr    Size         Type   Attr      Idx    E Section Name        Object

    0x08000000   0x00000130   Data   RO          170    RESET               startup_stm32f10x_hd.o
    0x08000130   0x00000008   Code   RO          723  * !!!main             c_w.l(__main.o)
    0x08000138   0x00000034   Code   RO          905    !!!scatter          c_w.l(__scatter.o)
    0x0800016c   0x0000001a   Code   RO          907    !!handler_copy      c_w.l(__scatter_copy.o)
    0x08000186   0x00000002   PAD
    0x08000188   0x0000001c   Code   RO          909    !!handler_zi        c_w.l(__scatter_zi.o)
    0x080001a4   0x00000000   Code   RO          720    .ARM.Collect$$_printf_percent$$00000000  c_w.l(_printf_percent.o)
    0x080001a4   0x00000006   Code   RO          719    .ARM.Collect$$_printf_percent$$00000009  c_w.l(_printf_d.o)
    0x080001aa   0x00000004   Code   RO          744    .ARM.Collect$$_printf_percent$$00000017  c_w.l(_printf_percent_end.o)
    0x080001ae   0x00000002   Code   RO          782    .ARM.Collect$$libinit$$00000000  c_w.l(libinit.o)
    0x080001b0   0x00000000   Code   RO          789    .ARM.Collect$$libinit$$00000002  c_w.l(libinit2.o)
    0x080001b0   0x00000000   Code   RO          792    .ARM.Collect$$libinit$$00000008  c_w.l(libinit2.o)
    0x080001b0   0x00000000   Code   RO          794    .ARM.Collect$$libinit$$0000000A  c_w.l(libinit2.o)
    0x080001b0   0x00000000   Code   RO          796    .ARM.Collect$$libinit$$0000000C  c_w.l(libinit2.o)
    0x080001b0   0x00000000   Code   RO          799    .ARM.Collect$$libinit$$0000000F  c_w.l(libinit2.o)
    0x080001b0   0x00000000   Code   RO          801    .ARM.Collect$$libinit$$00000011  c_w.l(libinit2.o)
    0x080001b0   0x00000000   Code   RO          803    .ARM.Collect$$libinit$$00000013  c_w.l(libinit2.o)
    0x080001b0   0x00000000   Code   RO          805    .ARM.Collect$$libinit$$00000015  c_w.l(libinit2.o)
    0x080001b0   0x00000000   Code   RO          807    .ARM.Collect$$libinit$$00000017  c_w.l(libinit2.o)
    0x080001b0   0x00000000   Code   RO          809    .ARM.Collect$$libinit$$00000019  c_w.l(libinit2.o)
    0x080001b0   0x00000000   Code   RO          811    .ARM.Collect$$libinit$$0000001B  c_w.l(libinit2.o)
    0x080001b0   0x00000000   Code   RO          813    .ARM.Collect$$libinit$$0000001D  c_w.l(libinit2.o)
    0x080001b0   0x00000000   Code   RO          815    .ARM.Collect$$libinit$$0000001F  c_w.l(libinit2.o)
    0x080001b0   0x00000000   Code   RO          817    .ARM.Collect$$libinit$$00000021  c_w.l(libinit2.o)
    0x080001b0   0x00000000   Code   RO          819    .ARM.Collect$$libinit$$00000023  c_w.l(libinit2.o)
    0x080001b0   0x00000000   Code   RO          823    .ARM.Collect$$libinit$$0000002A  c_w.l(libinit2.o)
    0x080001b0   0x00000000   Code   RO          825    .ARM.Collect$$libinit$$0000002C  c_w.l(libinit2.o)
    0x080001b0   0x00000000   Code   RO          827    .ARM.Collect$$libinit$$0000002E  c_w.l(libinit2.o)
    0x080001b0   0x00000000   Code   RO          829    .ARM.Collect$$libinit$$00000030  c_w.l(libinit2.o)
    0x080001b0   0x00000002   Code   RO          830    .ARM.Collect$$libinit$$00000031  c_w.l(libinit2.o)
    0x080001b2   0x00000002   Code   RO          848    .ARM.Collect$$libshutdown$$00000000  c_w.l(libshutdown.o)
    0x080001b4   0x00000000   Code   RO          859    .ARM.Collect$$libshutdown$$00000003  c_w.l(libshutdown2.o)
    0x080001b4   0x00000000   Code   RO          862    .ARM.Collect$$libshutdown$$00000006  c_w.l(libshutdown2.o)
    0x080001b4   0x00000000   Code   RO          865    .ARM.Collect$$libshutdown$$00000009  c_w.l(libshutdown2.o)
    0x080001b4   0x00000000   Code   RO          867    .ARM.Collect$$libshutdown$$0000000B  c_w.l(libshutdown2.o)
    0x080001b4   0x00000000   Code   RO          870    .ARM.Collect$$libshutdown$$0000000E  c_w.l(libshutdown2.o)
    0x080001b4   0x00000002   Code   RO          871    .ARM.Collect$$libshutdown$$0000000F  c_w.l(libshutdown2.o)
    0x080001b6   0x00000000   Code   RO          739    .ARM.Collect$$rtentry$$00000000  c_w.l(rtentry.o)
    0x080001b6   0x00000000   Code   RO          751    .ARM.Collect$$rtentry$$00000002  c_w.l(rtentry2.o)
    0x080001b6   0x00000006   Code   RO          763    .ARM.Collect$$rtentry$$00000004  c_w.l(rtentry4.o)
    0x080001bc   0x00000000   Code   RO          753    .ARM.Collect$$rtentry$$00000009  c_w.l(rtentry2.o)
    0x080001bc   0x00000004   Code   RO          754    .ARM.Collect$$rtentry$$0000000A  c_w.l(rtentry2.o)
    0x080001c0   0x00000000   Code   RO          756    .ARM.Collect$$rtentry$$0000000C  c_w.l(rtentry2.o)
    0x080001c0   0x00000008   Code   RO          757    .ARM.Collect$$rtentry$$0000000D  c_w.l(rtentry2.o)
    0x080001c8   0x00000002   Code   RO          786    .ARM.Collect$$rtexit$$00000000  c_w.l(rtexit.o)
    0x080001ca   0x00000000   Code   RO          832    .ARM.Collect$$rtexit$$00000002  c_w.l(rtexit2.o)
    0x080001ca   0x00000004   Code   RO          833    .ARM.Collect$$rtexit$$00000003  c_w.l(rtexit2.o)
    0x080001ce   0x00000006   Code   RO          834    .ARM.Collect$$rtexit$$00000004  c_w.l(rtexit2.o)
    0x080001d4   0x000003e0   Code   RO            1    .text               main.o
    0x080005b4   0x0000001a   Code   RO          107    .text               stm32f10x_it.o
    0x080005ce   0x00000002   PAD
    0x080005d0   0x000001e0   Code   RO          139    .text               system_stm32f10x.o
    0x080007b0   0x00000040   Code   RO          171    .text               startup_stm32f10x_hd.o
    0x080007f0   0x000000dc   Code   RO          175    .text               misc.o
    0x080008cc   0x0000044e   Code   RO          187    .text               stm32f10x_adc.o
    0x08000d1a   0x00000002   PAD
    0x08000d1c   0x0000035c   Code   RO          346    .text               stm32f10x_gpio.o
    0x08001078   0x000003a4   Code   RO          403    .text               stm32f10x_rcc.o
    0x0800141c   0x0000030c   Code   RO          447    .text               stm32f10x_spi.o
    0x08001728   0x00000e1a   Code   RO          459    .text               stm32f10x_tim.o
    0x08002542   0x00000002   PAD
    0x08002544   0x00000408   Code   RO          471    .text               stm32f10x_usart.o
    0x0800294c   0x000000d4   Code   RO          498    .text               delay.o
    0x08002a20   0x0000000c   Code   RO          512    .text               sys.o
    0x08002a2c   0x00000140   Code   RO          524    .text               usart.o
    0x08002b6c   0x00000034   Code   RO          547    .text               led.o
    0x08002ba0   0x00000154   Code   RO          559    .text               timer.o
    0x08002cf4   0x000000e4   Code   RO          575    .text               key.o
    0x08002dd8   0x000000b8   Code   RO          588    .text               pwm.o
    0x08002e90   0x00000190   Code   RO          600    .text               dianji.o
    0x08003020   0x00000094   Code   RO          612    .text               duoji.o
    0x080030b4   0x0000011c   Code   RO          624    .text               control.o
    0x080031d0   0x00000668   Code   RO          639    .text               oled.o
    0x08003838   0x000000ec   Code   RO          660    .text               adc.o
    0x08003924   0x000003b4   Code   RO          672    .text               bsp_spi_nrf.o
    0x08003cd8   0x00000002   Code   RO          689    .text               c_w.l(use_no_semi_2.o)
    0x08003cda   0x00000002   PAD
    0x08003cdc   0x00000018   Code   RO          693    .text               c_w.l(noretval__2printf.o)
    0x08003cf4   0x00000068   Code   RO          695    .text               c_w.l(__printf.o)
    0x08003d5c   0x00000074   Code   RO          697    .text               c_w.l(_printf_dec.o)
    0x08003dd0   0x00000006   Code   RO          721    .text               c_w.l(heapauxi.o)
    0x08003dd6   0x00000002   Code   RO          737    .text               c_w.l(use_no_semi.o)
    0x08003dd8   0x000000b2   Code   RO          740    .text               c_w.l(_printf_intcommon.o)
    0x08003e8a   0x00000002   PAD
    0x08003e8c   0x00000024   Code   RO          742    .text               c_w.l(_printf_char_file.o)
    0x08003eb0   0x00000030   Code   RO          765    .text               c_w.l(_printf_char_common.o)
    0x08003ee0   0x00000008   Code   RO          767    .text               c_w.l(ferror.o)
    0x08003ee8   0x0000004a   Code   RO          771    .text               c_w.l(sys_stackheap_outer.o)
    0x08003f32   0x0000000c   Code   RO          775    .text               c_w.l(exit.o)
    0x08003f3e   0x00000002   PAD
    0x08003f40   0x00000008   Code   RO          783    .text               c_w.l(libspace.o)
    0x08003f48   0x0000005e   Code   RO          725    x$fpl$dfix          fz_ws.l(dfix.o)
    0x08003fa6   0x0000002e   Code   RO          730    x$fpl$dflt          fz_ws.l(dflt_clz.o)
    0x08003fd4   0x00000154   Code   RO          735    x$fpl$dmul          fz_ws.l(dmul.o)
    0x08004128   0x0000009c   Code   RO          745    x$fpl$dnaninf       fz_ws.l(dnaninf.o)
    0x080041c4   0x0000000c   Code   RO          747    x$fpl$dretinf       fz_ws.l(dretinf.o)
    0x080041d0   0x00000000   Code   RO          749    x$fpl$usenofp       fz_ws.l(usenofp.o)
    0x080041d0   0x00001018   Data   RO          640    .constdata          oled.o
    0x080051e8   0x00000020   Data   RO          903    Region$$Table       anon$$obj.o


    Execution Region RW_IRAM1 (Base: 0x20000000, Size: 0x00000798, Max: 0x00010000, ABSOLUTE)

    Base Addr    Size         Type   Attr      Idx    E Section Name        Object

    0x20000000   0x00000028   Data   RW            2    .data               main.o
    0x20000028   0x00000014   Data   RW          140    .data               system_stm32f10x.o
    0x2000003c   0x00000014   Data   RW          404    .data               stm32f10x_rcc.o
    0x20000050   0x00000004   Data   RW          499    .data               delay.o
    0x20000054   0x00000006   Data   RW          526    .data               usart.o
    0x2000005a   0x00000001   Data   RW          576    .data               key.o
    0x2000005b   0x00000012   Data   RW          673    .data               bsp_spi_nrf.o
    0x2000006d   0x00000003   PAD
    0x20000070   0x000000c8   Zero   RW          525    .bss                usart.o
    0x20000138   0x00000060   Zero   RW          784    .bss                c_w.l(libspace.o)
    0x20000198   0x00000200   Zero   RW          169    HEAP                startup_stm32f10x_hd.o
    0x20000398   0x00000400   Zero   RW          168    STACK               startup_stm32f10x_hd.o


==============================================================================

Image component sizes


      Code (inc. data)   RO Data    RW Data    ZI Data      Debug   Object Name

       236         10          0          0          0       1055   adc.o
       948         28          0         18          0       4188   bsp_spi_nrf.o
       284         14          0          0          0       1023   control.o
         0          0          0          0          0         32   core_cm3.o
       212         18          0          4          0        983   delay.o
       400         12          0          0          0       1292   dianji.o
       148          4          0          0          0        825   duoji.o
       228          8          0          1          0        800   key.o
        52          6          0          0          0        467   led.o
       992        240          0         40          0     270635   main.o
       220         22          0          0          0       1765   misc.o
      1640         70       4120          0          0       4565   oled.o
       184          6          0          0          0       1013   pwm.o
        64         26        304          0       1536        780   startup_stm32f10x_hd.o
      1102         26          0          0          0      10801   stm32f10x_adc.o
       860         38          0          0          0       5609   stm32f10x_gpio.o
        26          0          0          0          0       1162   stm32f10x_it.o
       932         36          0         20          0       8764   stm32f10x_rcc.o
       780         14          0          0          0       6494   stm32f10x_spi.o
      3610         88          0          0          0      22096   stm32f10x_tim.o
      1032         22          0          0          0       8336   stm32f10x_usart.o
        12          0          0          0          0        433   sys.o
       480         38          0         20          0       1683   system_stm32f10x.o
       340         14          0          0          0       1323   timer.o
       320         16          0          6        200       3090   usart.o

    ----------------------------------------------------------------------
     15108        756       4456        112       1736     359214   Object Totals
         0          0         32          0          0          0   (incl. Generated)
         6          0          0          3          0          0   (incl. Padding)

    ----------------------------------------------------------------------

      Code (inc. data)   RO Data    RW Data    ZI Data      Debug   Library Member Name

         8          0          0          0          0         68   __main.o
       104          0          0          0          0         84   __printf.o
        52          8          0          0          0          0   __scatter.o
        26          0          0          0          0          0   __scatter_copy.o
        28          0          0          0          0          0   __scatter_zi.o
        48          6          0          0          0         96   _printf_char_common.o
        36          4          0          0          0         80   _printf_char_file.o
         6          0          0          0          0          0   _printf_d.o
       116         16          0          0          0         92   _printf_dec.o
       178          0          0          0          0         88   _printf_intcommon.o
         0          0          0          0          0          0   _printf_percent.o
         4          0          0          0          0          0   _printf_percent_end.o
        12          0          0          0          0         72   exit.o
         8          0          0          0          0         68   ferror.o
         6          0          0          0          0        152   heapauxi.o
         2          0          0          0          0          0   libinit.o
         2          0          0          0          0          0   libinit2.o
         2          0          0          0          0          0   libshutdown.o
         2          0          0          0          0          0   libshutdown2.o
         8          4          0          0         96         68   libspace.o
        24          4          0          0          0         84   noretval__2printf.o
         0          0          0          0          0          0   rtentry.o
        12          0          0          0          0          0   rtentry2.o
         6          0          0          0          0          0   rtentry4.o
         2          0          0          0          0          0   rtexit.o
        10          0          0          0          0          0   rtexit2.o
        74          0          0          0          0         80   sys_stackheap_outer.o
         2          0          0          0          0         68   use_no_semi.o
         2          0          0          0          0         68   use_no_semi_2.o
        94          4          0          0          0         92   dfix.o
        46          0          0          0          0         68   dflt_clz.o
       340         12          0          0          0        104   dmul.o
       156          4          0          0          0         92   dnaninf.o
        12          0          0          0          0         68   dretinf.o
         0          0          0          0          0          0   usenofp.o

    ----------------------------------------------------------------------
      1436         62          0          0         96       1592   Library Totals
         8          0          0          0          0          0   (incl. Padding)

    ----------------------------------------------------------------------

      Code (inc. data)   RO Data    RW Data    ZI Data      Debug   Library Name

       780         42          0          0         96       1168   c_w.l
       648         20          0          0          0        424   fz_ws.l

    ----------------------------------------------------------------------
      1436         62          0          0         96       1592   Library Totals

    ----------------------------------------------------------------------

==============================================================================


      Code (inc. data)   RO Data    RW Data    ZI Data      Debug   

     16544        818       4456        112       1832     358254   Grand Totals
     16544        818       4456        112       1832     358254   ELF Image Totals
     16544        818       4456        112          0          0   ROM Totals

==============================================================================

    Total RO  Size (Code + RO Data)                21000 (  20.51kB)
    Total RW  Size (RW Data + ZI Data)              1944 (   1.90kB)
    Total ROM Size (Code + RO Data + RW Data)      21112 (  20.62kB)

==============================================================================

